Archive member included because of file (symbol)

coreutils/lib.a(basename.o)   applets/built-in.o (basename_main)
coreutils/lib.a(cat.o)        applets/built-in.o (cat_main)
coreutils/lib.a(chmod.o)      applets/built-in.o (chmod_main)
coreutils/lib.a(cp.o)         applets/built-in.o (cp_main)
coreutils/lib.a(date.o)       applets/built-in.o (date_main)
coreutils/lib.a(df.o)         applets/built-in.o (df_main)
coreutils/lib.a(echo.o)       applets/built-in.o (echo_main)
coreutils/lib.a(expr.o)       applets/built-in.o (expr_main)
coreutils/lib.a(id.o)         applets/built-in.o (id_main)
coreutils/lib.a(ln.o)         applets/built-in.o (ln_main)
coreutils/lib.a(ls.o)         applets/built-in.o (ls_main)
coreutils/lib.a(md5_sha1_sum.o)
                              applets/built-in.o (md5_sha1_sum_main)
coreutils/lib.a(mkdir.o)      applets/built-in.o (mkdir_main)
coreutils/lib.a(mknod.o)      applets/built-in.o (mknod_main)
coreutils/lib.a(mv.o)         applets/built-in.o (mv_main)
coreutils/lib.a(nice.o)       applets/built-in.o (nice_main)
coreutils/lib.a(printf.o)     applets/built-in.o (printf_main)
coreutils/lib.a(pwd.o)        applets/built-in.o (pwd_main)
coreutils/lib.a(rm.o)         applets/built-in.o (rm_main)
coreutils/lib.a(sleep.o)      applets/built-in.o (sleep_main)
coreutils/lib.a(sort.o)       applets/built-in.o (sort_main)
coreutils/lib.a(stty.o)       applets/built-in.o (stty_main)
coreutils/lib.a(sync.o)       applets/built-in.o (sync_main)
coreutils/lib.a(tail.o)       applets/built-in.o (tail_main)
coreutils/lib.a(test.o)       applets/built-in.o (test_main)
coreutils/lib.a(touch.o)      applets/built-in.o (touch_main)
coreutils/lib.a(true.o)       applets/built-in.o (true_main)
coreutils/lib.a(tty.o)        applets/built-in.o (tty_main)
coreutils/lib.a(uname.o)      applets/built-in.o (uname_main)
coreutils/lib.a(wc.o)         applets/built-in.o (wc_main)
coreutils/libcoreutils/lib.a(cp_mv_stat.o)
                              coreutils/lib.a(cp.o) (cp_mv_stat2)
coreutils/libcoreutils/lib.a(getopt_mk_fifo_nod.o)
                              coreutils/lib.a(mknod.o) (getopt_mk_fifo_nod)
debianutils/lib.a(which.o)    applets/built-in.o (which_main)
editors/lib.a(cmp.o)          applets/built-in.o (cmp_main)
editors/lib.a(vi.o)           applets/built-in.o (vi_main)
findutils/lib.a(find.o)       applets/built-in.o (find_main)
findutils/lib.a(grep.o)       applets/built-in.o (grep_main)
init/lib.a(halt.o)            applets/built-in.o (halt_main)
init/lib.a(init.o)            applets/built-in.o (init_main)
libbb/lib.a(ask_confirmation.o)
                              coreutils/lib.a(mv.o) (bb_ask_confirmation)
libbb/lib.a(bb_basename.o)    applets/built-in.o (bb_basename)
libbb/lib.a(bb_pwd.o)         coreutils/lib.a(id.o) (xuname2uid)
libbb/lib.a(bb_strtonum.o)    coreutils/lib.a(printf.o) (bb_strtol)
libbb/lib.a(compare_string_array.o)
                              coreutils/lib.a(expr.o) (index_in_strings)
libbb/lib.a(concat_path_file.o)
                              coreutils/lib.a(cp.o) (concat_path_file)
libbb/lib.a(copy_file.o)      coreutils/lib.a(cp.o) (copy_file)
libbb/lib.a(copyfd.o)         coreutils/lib.a(cat.o) (bb_copyfd_eof)
libbb/lib.a(default_error_retval.o)
                              applets/built-in.o (xfunc_error_retval)
libbb/lib.a(device_open.o)    init/lib.a(init.o) (device_open)
libbb/lib.a(error_msg.o)      coreutils/lib.a(df.o) (bb_error_msg)
libbb/lib.a(error_msg_and_die.o)
                              applets/built-in.o (xfunc_die)
libbb/lib.a(execable.o)       debianutils/lib.a(which.o) (execable_file)
libbb/lib.a(fclose_nonstdin.o)
                              coreutils/lib.a(wc.o) (fclose_if_not_stdin)
libbb/lib.a(fflush_stdout_and_exit.o)
                              coreutils/lib.a(df.o) (fflush_stdout_and_exit)
libbb/lib.a(find_mount_point.o)
                              coreutils/lib.a(df.o) (find_mount_point)
libbb/lib.a(find_root_device.o)
                              coreutils/lib.a(df.o) (find_block_device)
libbb/lib.a(full_write.o)     init/lib.a(init.o) (full_write)
libbb/lib.a(get_last_path_component.o)
                              coreutils/lib.a(basename.o) (bb_get_last_path_component)
libbb/lib.a(get_line_from_file.o)
                              coreutils/lib.a(sort.o) (xmalloc_getline)
libbb/lib.a(getopt32.o)       coreutils/lib.a(cat.o) (getopt32)
libbb/lib.a(inode_hash.o)     libbb/lib.a(copy_file.o) (is_in_ino_dev_hashtable)
libbb/lib.a(isdirectory.o)    coreutils/lib.a(ln.o) (is_directory)
libbb/lib.a(last_char_is.o)   libbb/lib.a(concat_path_file.o) (last_char_is)
libbb/lib.a(llist.o)          libbb/lib.a(getopt32.o) (llist_add_to_end)
libbb/lib.a(make_directory.o)
                              coreutils/lib.a(mkdir.o) (bb_make_directory)
libbb/lib.a(makedev.o)        coreutils/lib.a(mknod.o) (bb_makedev)
libbb/lib.a(md5.o)            coreutils/lib.a(md5_sha1_sum.o) (md5_begin)
[...]
Memory Configuration

Name             Origin             Length             Attributes
*default*        0x0000000000000000 0xffffffffffffffff

Linker script and memory map

LOAD /opt/buildroot-be-gcc434/usr/lib/crt1.o
LOAD /opt/buildroot-be-gcc434/usr/lib/crti.o
LOAD /opt/toolchains/buildroot-be-gcc434-2013-0107/usr/bin/../lib/gcc/mips-unknown-linux-uclibc/4.3.4/crtbegin.o
START GROUP
LOAD applets/built-in.o
LOAD archival/lib.a
LOAD archival/libunarchive/lib.a
LOAD console-tools/lib.a
LOAD coreutils/lib.a
LOAD coreutils/libcoreutils/lib.a
LOAD debianutils/lib.a
LOAD e2fsprogs/lib.a
LOAD editors/lib.a
LOAD findutils/lib.a
LOAD init/lib.a
LOAD ipsvd/lib.a
LOAD libbb/lib.a
LOAD libpwdgrp/lib.a
LOAD loginutils/lib.a
LOAD miscutils/lib.a
LOAD modutils/lib.a
LOAD networking/lib.a
LOAD networking/libiproute/lib.a
LOAD networking/udhcp/lib.a
LOAD procps/lib.a
LOAD runit/lib.a
LOAD selinux/lib.a
LOAD shell/lib.a
LOAD sysklogd/lib.a
LOAD util-linux/lib.a
LOAD archival/built-in.o
LOAD archival/libunarchive/built-in.o
LOAD console-tools/built-in.o
LOAD coreutils/built-in.o
LOAD coreutils/libcoreutils/built-in.o
LOAD debianutils/built-in.o
LOAD e2fsprogs/built-in.o
LOAD editors/built-in.o
LOAD findutils/built-in.o
LOAD init/built-in.o
LOAD ipsvd/built-in.o
LOAD libbb/built-in.o
LOAD libpwdgrp/built-in.o
LOAD loginutils/built-in.o
LOAD miscutils/built-in.o
LOAD modutils/built-in.o
LOAD networking/built-in.o
LOAD networking/libiproute/built-in.o
LOAD networking/udhcp/built-in.o
LOAD procps/built-in.o
LOAD runit/built-in.o
LOAD selinux/built-in.o
LOAD shell/built-in.o
LOAD sysklogd/built-in.o
LOAD util-linux/built-in.o
END GROUP
LOAD /opt/toolchains/buildroot-be-gcc434-2013-0107/usr/bin/../lib/gcc/mips-unknown-linux-uclibc/4.3.4/libgcc.a
LOAD /opt/toolchains/buildroot-be-gcc434-2013-0107/usr/bin/../lib/gcc/mips-unknown-linux-uclibc/4.3.4/../../../../mips-unknown-linux-uclibc/lib/libgcc_s.so
LOAD /opt/buildroot-be-gcc434/usr/lib/libc.so
START GROUP
LOAD /opt/buildroot-be-gcc434/lib//libc.so.0
LOAD /opt/buildroot-be-gcc434/usr/lib//uclibc_nonshared.a
LOAD /opt/buildroot-be-gcc434/lib//ld-uClibc.so.0
END GROUP
LOAD /opt/toolchains/buildroot-be-gcc434-2013-0107/usr/bin/../lib/gcc/mips-unknown-linux-uclibc/4.3.4/libgcc.a
LOAD /opt/toolchains/buildroot-be-gcc434-2013-0107/usr/bin/../lib/gcc/mips-unknown-linux-uclibc/4.3.4/../../../../mips-unknown-linux-uclibc/lib/libgcc_s.so
LOAD /opt/toolchains/buildroot-be-gcc434-2013-0107/usr/bin/../lib/gcc/mips-unknown-linux-uclibc/4.3.4/crtend.o
LOAD /opt/buildroot-be-gcc434/usr/lib/crtn.o
                0x0000000000400000                PROVIDE (__executable_start, 0x400000)
                0x0000000000400134                . = (0x400000 + SIZEOF_HEADERS)

.interp         0x0000000000400134       0x14
 *(.interp)
 .interp        0x0000000000400134       0x14 /opt/buildroot-be-gcc434/usr/lib/crt1.o

.reginfo
 *(.reginfo)

.note.gnu.build-id
 *(.note.gnu.build-id)

.dynamic        0x0000000000400148       0xe0
 *(.dynamic)
 .dynamic       0x0000000000400148       0xe0 /opt/buildroot-be-gcc434/usr/lib/crt1.o
                0x0000000000400148                _DYNAMIC

.hash           0x0000000000400228      0xc3c
 *(.hash)
 .hash          0x0000000000400228      0xc3c /opt/buildroot-be-gcc434/usr/lib/crt1.o

.gnu.hash
 *(.gnu.hash)

.dynsym         0x0000000000400e64     0x2060
 *(.dynsym)
 .dynsym        0x0000000000400e64     0x2060 /opt/buildroot-be-gcc434/usr/lib/crt1.o

.dynstr         0x0000000000402ec4     0x1582
 *(.dynstr)
 .dynstr        0x0000000000402ec4     0x1582 /opt/buildroot-be-gcc434/usr/lib/crt1.o

.gnu.version    0x0000000000404446      0x40c
 *(.gnu.version)
 .gnu.version   0x0000000000404446      0x40c /opt/buildroot-be-gcc434/usr/lib/crt1.o

.gnu.version_d  0x0000000000404854        0x0 load address 0x0000000000404852
 *(.gnu.version_d)
 .gnu.version_d
                0x0000000000000000        0x0 /opt/buildroot-be-gcc434/usr/lib/crt1.o

.gnu.version_r  0x0000000000404854       0x20
 *(.gnu.version_r)
 .gnu.version_r
                0x0000000000404854       0x20 /opt/buildroot-be-gcc434/usr/lib/crt1.o

.rel.dyn        0x0000000000404874        0x0
 *(.rel.init)
 *(.rel.text .rel.text.* .rel.gnu.linkonce.t.*)
 *(.rel.fini)
 *(.rel.rodata .rel.rodata.* .rel.gnu.linkonce.r.*)
 *(.rel.data.rel.ro* .rel.gnu.linkonce.d.rel.ro.*)
 *(.rel.data .rel.data.* .rel.gnu.linkonce.d.*)
 *(.rel.tdata .rel.tdata.* .rel.gnu.linkonce.td.*)
 *(.rel.tbss .rel.tbss.* .rel.gnu.linkonce.tb.*)
 *(.rel.ctors)
 *(.rel.dtors)
 *(.rel.got)
 *(.rel.dyn)
 .rel.dyn       0x0000000000000000        0x0 /opt/buildroot-be-gcc434/usr/lib/crt1.o
 *(.rel.sdata .rel.sdata.* .rel.gnu.linkonce.s.*)
 *(.rel.sbss .rel.sbss.* .rel.gnu.linkonce.sb.*)
 *(.rel.sdata2 .rel.sdata2.* .rel.gnu.linkonce.s2.*)
 *(.rel.sbss2 .rel.sbss2.* .rel.gnu.linkonce.sb2.*)
 *(.rel.bss .rel.bss.* .rel.gnu.linkonce.b.*)
 .rel.bss       0x0000000000000000        0x0 /opt/buildroot-be-gcc434/usr/lib/crt1.o
                0x0000000000404874                PROVIDE (__rel_iplt_start, .)
 *(.rel.iplt)
                0x0000000000404874                PROVIDE (__rel_iplt_end, .)
                0x0000000000404874                PROVIDE (__rela_iplt_start, .)
                0x0000000000404874                PROVIDE (__rela_iplt_end, .)

.rela.dyn       0x0000000000404874        0x0
 *(.rela.init)
 *(.rela.text .rela.text.* .rela.gnu.linkonce.t.*)
 *(.rela.fini)
 *(.rela.rodata .rela.rodata.* .rela.gnu.linkonce.r.*)
 *(.rela.data .rela.data.* .rela.gnu.linkonce.d.*)
 *(.rela.tdata .rela.tdata.* .rela.gnu.linkonce.td.*)
 *(.rela.tbss .rela.tbss.* .rela.gnu.linkonce.tb.*)
 *(.rela.ctors)
 *(.rela.dtors)
 *(.rela.got)
 *(.rela.sdata .rela.sdata.* .rela.gnu.linkonce.s.*)
 *(.rela.sbss .rela.sbss.* .rela.gnu.linkonce.sb.*)
 *(.rela.sdata2 .rela.sdata2.* .rela.gnu.linkonce.s2.*)
 *(.rela.sbss2 .rela.sbss2.* .rela.gnu.linkonce.sb2.*)
 *(.rela.bss .rela.bss.* .rela.gnu.linkonce.b.*)
                0x0000000000404874                PROVIDE (__rel_iplt_start, .)
                0x0000000000404874                PROVIDE (__rel_iplt_end, .)
                0x0000000000404874                PROVIDE (__rela_iplt_start, .)
 *(.rela.iplt)
                0x0000000000404874                PROVIDE (__rela_iplt_end, .)

.rel.plt        0x0000000000404874        0x0
 *(.rel.plt)
 .rel.plt       0x0000000000000000        0x0 /opt/buildroot-be-gcc434/usr/lib/crt1.o

.rela.plt
 *(.rela.plt)

.init           0x0000000000404874       0x80
 *(.init)
 .init          0x0000000000404874       0x1c /opt/buildroot-be-gcc434/usr/lib/crti.o
                0x0000000000404874                _init
 .init          0x0000000000404890       0x2c /opt/toolchains/buildroot-be-gcc434-2013-0107/usr/bin/../lib/gcc/mips-unknown-linux-uclibc/4.3.4/crtbegin.o
 .init          0x00000000004048bc       0x2c /opt/toolchains/buildroot-be-gcc434-2013-0107/usr/bin/../lib/gcc/mips-unknown-linux-uclibc/4.3.4/crtend.o
 .init          0x00000000004048e8        0xc /opt/buildroot-be-gcc434/usr/lib/crtn.o

.plt            0x00000000004048f4        0x0
 *(.plt)
 .plt           0x0000000000000000        0x0 /opt/buildroot-be-gcc434/usr/lib/crt1.o

.iplt
 *(.iplt)

.text           0x0000000000404900    0x4ac80
                0x0000000000404900                _ftext = .
 *(.text.unlikely .text.*_unlikely)
 *(.text .stub .text.* .gnu.linkonce.t.*)
 .text          0x0000000000404900       0x60 /opt/buildroot-be-gcc434/usr/lib/crt1.o
                0x0000000000404900                __start
 .text          0x0000000000404960      0x150 /opt/toolchains/buildroot-be-gcc434-2013-0107/usr/bin/../lib/gcc/mips-unknown-linux-uclibc/4.3.4/crtbegin.o
 .text.applet_name_compare
                0x0000000000404ab0       0x20 applets/built-in.o
 .text.find_applet_by_name
                0x0000000000404ad0       0x48 applets/built-in.o
                0x0000000000404ad0                find_applet_by_name
 .text.bb_show_usage
                0x0000000000404b18       0x28 applets/built-in.o
                0x0000000000404b18                bb_show_usage
 .text.run_current_applet_and_exit
                0x0000000000404b40      0x158 applets/built-in.o
                0x0000000000404b40                run_current_applet_and_exit
 .text.run_applet_and_exit
                0x0000000000404c98      0x22c applets/built-in.o
                0x0000000000404c98                run_applet_and_exit
 .text.main     0x0000000000404ec4       0xc4 applets/built-in.o
                0x0000000000404ec4                main
 .text.basename_main
                0x0000000000404f88       0xfc coreutils/lib.a(basename.o)
                0x0000000000404f88                basename_main
 .text.bb_cat   0x0000000000405084      0x104 coreutils/lib.a(cat.o)
                0x0000000000405084                bb_cat
 .text.cat_main
                0x0000000000405188       0x60 coreutils/lib.a(cat.o)
                0x0000000000405188                cat_main
 .text.chmod_main
                0x00000000004051e8      0x174 coreutils/lib.a(chmod.o)
                0x00000000004051e8                chmod_main
 .text.fileAction
                0x000000000040535c       0xfc coreutils/lib.a(chmod.o)
 .text.cp_main  0x0000000000405458      0x1ec coreutils/lib.a(cp.o)
                0x0000000000405458                cp_main
 .text.maybe_set_utc
                0x0000000000405644       0x34 coreutils/lib.a(date.o)
 .text.date_main
                0x0000000000405678      0x57c coreutils/lib.a(date.o)
                0x0000000000405678                date_main
 .text.kscale   0x0000000000405bf4       0x28 coreutils/lib.a(df.o)
 .text.df_main  0x0000000000405c1c      0x354 coreutils/lib.a(df.o)
                0x0000000000405c1c                df_main
 .text.bb_echo  0x0000000000405f70      0x244 coreutils/lib.a(echo.o)
                0x0000000000405f70                bb_echo
 .text.echo_main
                0x00000000004061b4       0x1c coreutils/lib.a(echo.o)
                0x00000000004061b4                echo_main
 .text.null     0x00000000004061d0       0x54 coreutils/lib.a(expr.o)
 .text.int_value
                0x0000000000406224       0x48 coreutils/lib.a(expr.o)
 .text.tostring
                0x000000000040626c       0x64 coreutils/lib.a(expr.o)
 .text.str_value
                0x00000000004062d0       0x6c coreutils/lib.a(expr.o)
 .text.docolon  0x000000000040633c      0x1b0 coreutils/lib.a(expr.o)
 .text.toarith  0x00000000004064ec       0xac coreutils/lib.a(expr.o)
 .text.arithmetic_common
                0x0000000000406598      0x124 coreutils/lib.a(expr.o)
 .text.freev    0x00000000004066bc       0x5c coreutils/lib.a(expr.o)
 .text.nextarg  0x0000000000406718       0x60 coreutils/lib.a(expr.o)
 .text.eval     0x0000000000406778      0x114 coreutils/lib.a(expr.o)
 .text.eval6    0x000000000040688c      0x4ac coreutils/lib.a(expr.o)
 .text.eval5    0x0000000000406d38      0x120 coreutils/lib.a(expr.o)
 .text.eval4    0x0000000000406e58      0x174 coreutils/lib.a(expr.o)
 .text.eval3    0x0000000000406fcc      0x158 coreutils/lib.a(expr.o)
 .text.eval2    0x0000000000407124      0x2a4 coreutils/lib.a(expr.o)
 .text.eval1    0x00000000004073c8      0x154 coreutils/lib.a(expr.o)
 .text.expr_main
                0x000000000040751c       0xec coreutils/lib.a(expr.o)
                0x000000000040751c                expr_main
 .text.printf_full
                0x0000000000407608       0x70 coreutils/lib.a(id.o)
 .text.id_main  0x0000000000407678      0x33c coreutils/lib.a(id.o)
                0x0000000000407678                id_main
 .text.ln_main  0x00000000004079b4      0x370 coreutils/lib.a(ln.o)
                0x00000000004079b4                ln_main
 .text.count_dirs
                0x0000000000407d24       0x9c coreutils/lib.a(ls.o)
 .text.my_stat  0x0000000000407dc0       0xdc coreutils/lib.a(ls.o)
 .text.dnalloc  0x0000000000407e9c       0x2c coreutils/lib.a(ls.o)
 .text.splitdnarray
                0x0000000000407ec8      0x174 coreutils/lib.a(ls.o)
 .text.showfiles
                0x000000000040803c      0x664 coreutils/lib.a(ls.o)
 .text.dnsort   0x00000000004086a0       0x20 coreutils/lib.a(ls.o)
 .text.sortcmp  0x00000000004086c0      0x110 coreutils/lib.a(ls.o)
 .text.ls_main  0x00000000004087d0      0x6d4 coreutils/lib.a(ls.o)
                0x00000000004087d0                ls_main
 .text.md5_sha1_sum_main
                0x0000000000408ea4      0x234 coreutils/lib.a(md5_sha1_sum.o)
                0x0000000000408ea4                md5_sha1_sum_main
 .text.mkdir_main
                0x00000000004090d8      0x12c coreutils/lib.a(mkdir.o)
                0x00000000004090d8                mkdir_main
 .text.mknod_main
                0x0000000000409204      0x184 coreutils/lib.a(mknod.o)
                0x0000000000409204                mknod_main
 .text.mv_main  0x0000000000409388      0x38c coreutils/lib.a(mv.o)
                0x0000000000409388                mv_main
 .text.nice_main
                0x0000000000409714      0x188 coreutils/lib.a(nice.o)
                0x0000000000409714                nice_main
 .text.multiconvert
                0x000000000040989c       0xcc coreutils/lib.a(printf.o)
 .text.my_xstrtoul
                0x0000000000409968       0x44 coreutils/lib.a(printf.o)
 .text.my_xstrtol
                0x00000000004099ac       0x44 coreutils/lib.a(printf.o)
 .text.my_xstrtod
                0x00000000004099f0       0x48 coreutils/lib.a(printf.o)
 .text.conv_strtoul
                0x0000000000409a38       0x48 coreutils/lib.a(printf.o)
 .text.print_direc
                0x0000000000409a80      0x338 coreutils/lib.a(printf.o)
 .text.printf_main
                0x0000000000409db8      0x5c4 coreutils/lib.a(printf.o)
                0x0000000000409db8                printf_main
 .text.conv_strtol
                0x000000000040a37c       0x48 coreutils/lib.a(printf.o)
 .text.conv_strtod
                0x000000000040a3c4       0x70 coreutils/lib.a(printf.o)
 .text.pwd_main
                0x000000000040a434       0x94 coreutils/lib.a(pwd.o)
                0x000000000040a434                pwd_main
 .text.rm_main  0x000000000040a4c8      0x194 coreutils/lib.a(rm.o)
                0x000000000040a4c8                rm_main
 .text.sleep_main
                0x000000000040a65c       0x84 coreutils/lib.a(sleep.o)
                0x000000000040a65c                sleep_main
 .text.compare_keys
                0x000000000040a6e0      0x108 coreutils/lib.a(sort.o)
 .text.sort_main
                0x000000000040a7e8      0x2f4 coreutils/lib.a(sort.o)
                0x000000000040a7e8                sort_main
 .text.mode_type_flag
                0x000000000040aadc       0x40 coreutils/lib.a(stty.o)
 .text.set_mode
                0x000000000040ab1c      0x578 coreutils/lib.a(stty.o)
 .text.find_mode
                0x000000000040b094       0x98 coreutils/lib.a(stty.o)
 .text.find_control
                0x000000000040b12c       0x98 coreutils/lib.a(stty.o)
 .text.set_control_char_or_die
                0x000000000040b1c4      0x130 coreutils/lib.a(stty.o)
 .text.find_param
                0x000000000040b2f4       0x60 coreutils/lib.a(stty.o)
 .text.perror_on_device
                0x000000000040b354       0x20 coreutils/lib.a(stty.o)
 .text.wrapf    0x000000000040b374      0x1c4 coreutils/lib.a(stty.o)
 .text.display_window_size
                0x000000000040b538       0xe8 coreutils/lib.a(stty.o)
 .text.set_window_size
                0x000000000040b620       0xf8 coreutils/lib.a(stty.o)
 .text.display_speed
                0x000000000040b718       0xec coreutils/lib.a(stty.o)
 .text.do_display
                0x000000000040b804      0x354 coreutils/lib.a(stty.o)
 .text.recover_mode
                0x000000000040bb58      0x144 coreutils/lib.a(stty.o)
 .text.set_speed_or_die
                0x000000000040bc9c       0xbc coreutils/lib.a(stty.o)
 .text.perror_on_device_and_die
                0x000000000040bd58       0x2c coreutils/lib.a(stty.o)
 .text.stty_main
                0x000000000040bd84      0x870 coreutils/lib.a(stty.o)
                0x000000000040bd84                stty_main
 .text.display_recoverable
                0x000000000040c5f4      0x11c coreutils/lib.a(stty.o)
 .text.sync_main
                0x000000000040c710       0x54 coreutils/lib.a(sync.o)
                0x000000000040c710                sync_main
 .text.eat_num  0x000000000040c764       0x4c coreutils/lib.a(tail.o)
 .text.tail_xprint_header
                0x000000000040c7b0       0x58 coreutils/lib.a(tail.o)
 .text.tail_read
                0x000000000040c808      0x100 coreutils/lib.a(tail.o)
 .text.tail_main
                0x000000000040c908      0x5dc coreutils/lib.a(tail.o)
                0x000000000040c908                tail_main
 .text.t_lex    0x000000000040cee4       0xa4 coreutils/lib.a(test.o)
 .text.syntax   0x000000000040cf88       0x7c coreutils/lib.a(test.o)
 .text.getn     0x000000000040d004       0xb8 coreutils/lib.a(test.o)
 .text.binop    0x000000000040d0bc      0x278 coreutils/lib.a(test.o)
 .text.filstat  0x000000000040d334      0x364 coreutils/lib.a(test.o)
 .text.nexpr    0x000000000040d698      0x298 coreutils/lib.a(test.o)
 .text.aexpr    0x000000000040d930       0xd8 coreutils/lib.a(test.o)
 .text.oexpr    0x000000000040da08       0xd8 coreutils/lib.a(test.o)
 .text.test_main
                0x000000000040dae0      0x328 coreutils/lib.a(test.o)
                0x000000000040dae0                test_main
 .text.touch_main
                0x000000000040de08      0x15c coreutils/lib.a(touch.o)
                0x000000000040de08                touch_main
 .text.true_main
                0x000000000040df64        0x8 coreutils/lib.a(true.o)
                0x000000000040df64                true_main
 .text.tty_main
                0x000000000040df6c       0x98 coreutils/lib.a(tty.o)
                0x000000000040df6c                tty_main
 .text.uname_main
                0x000000000040e004      0x208 coreutils/lib.a(uname.o)
                0x000000000040e004                uname_main
 .text.wc_main  0x000000000040e20c      0x3b0 coreutils/lib.a(wc.o)
                0x000000000040e20c                wc_main
 .text.cp_mv_stat2
                0x000000000040e5bc       0xac coreutils/libcoreutils/lib.a(cp_mv_stat.o)
                0x000000000040e5bc                cp_mv_stat2
 .text.cp_mv_stat
                0x000000000040e668       0x20 coreutils/libcoreutils/lib.a(cp_mv_stat.o)
                0x000000000040e668                cp_mv_stat
 .text.getopt_mk_fifo_nod
                0x000000000040e688       0x8c coreutils/libcoreutils/lib.a(getopt_mk_fifo_nod.o)
                0x000000000040e688                getopt_mk_fifo_nod
 .text.which_main
                0x000000000040e714      0x128 debianutils/lib.a(which.o)
                0x000000000040e714                which_main
 .text.cmp_xfopen_input
                0x000000000040e83c       0x54 editors/lib.a(cmp.o)
 .text.cmp_main
                0x000000000040e890      0x398 editors/lib.a(cmp.o)
                0x000000000040e890                cmp_main
 .text.next_tabstop
                0x000000000040ec28       0x3c editors/lib.a(vi.o)
 .text.begin_line
                0x000000000040ec64       0x50 editors/lib.a(vi.o)
 .text.end_line
                0x000000000040ecb4       0x50 editors/lib.a(vi.o)
 .text.prev_line
                0x000000000040ed04       0x84 editors/lib.a(vi.o)
 .text.next_line
                0x000000000040ed88       0x78 editors/lib.a(vi.o)
 .text.end_screen
                0x000000000040ee00       0x84 editors/lib.a(vi.o)
 .text.count_lines
                0x000000000040ee84       0xb4 editors/lib.a(vi.o)
 .text.find_line
                0x000000000040ef38       0x7c editors/lib.a(vi.o)
 .text.dot_left
                0x000000000040efb4       0x50 editors/lib.a(vi.o)
 .text.dot_right
                0x000000000040f004       0x50 editors/lib.a(vi.o)
 .text.dot_begin
                0x000000000040f054       0x50 editors/lib.a(vi.o)
 .text.dot_end  0x000000000040f0a4       0x50 editors/lib.a(vi.o)
 .text.move_to_col
                0x000000000040f0f4      0x118 editors/lib.a(vi.o)
 .text.dot_next
                0x000000000040f20c       0x50 editors/lib.a(vi.o)
 .text.dot_prev
                0x000000000040f25c       0x50 editors/lib.a(vi.o)
 .text.screen_erase
                0x000000000040f2ac       0x2c editors/lib.a(vi.o)
 .text.psbs     0x000000000040f2d8       0xcc editors/lib.a(vi.o)
 .text.text_hole_delete
                0x000000000040f3a4      0x140 editors/lib.a(vi.o)
 .text.yank_delete
                0x000000000040f4e4       0x94 editors/lib.a(vi.o)
 .text.text_hole_make
                0x000000000040f578       0xfc editors/lib.a(vi.o)
 .text.stupid_insert
                0x000000000040f674       0x6c editors/lib.a(vi.o)
 .text.ni       0x000000000040f6e0      0x1cc editors/lib.a(vi.o)
 .text.psb      0x000000000040f8ac       0x64 editors/lib.a(vi.o)
 .text.write1   0x000000000040f910       0x20 editors/lib.a(vi.o)
 .text.clear_to_eos
                0x000000000040f930       0x24 editors/lib.a(vi.o)
 .text.standout_start
                0x000000000040f954       0x24 editors/lib.a(vi.o)
 .text.standout_end
                0x000000000040f978       0x24 editors/lib.a(vi.o)
 .text.clear_to_eol
                0x000000000040f99c       0x24 editors/lib.a(vi.o)
 .text.mysleep  0x000000000040f9c0       0xa8 editors/lib.a(vi.o)
 .text.get_one_char
                0x000000000040fa68      0x2d0 editors/lib.a(vi.o)
 .text.dot_skip_over_ws
                0x000000000040fd38       0x9c editors/lib.a(vi.o)
 .text.dot_scroll
                0x000000000040fdd4      0x10c editors/lib.a(vi.o)
 .text.skip_thing
                0x000000000040fee0      0x1e4 editors/lib.a(vi.o)
 .text.file_write
                0x00000000004100c4       0xd4 editors/lib.a(vi.o)
 .text.place_cursor
                0x0000000000410198       0xe0 editors/lib.a(vi.o)
 .text.refresh  0x0000000000410278      0x788 editors/lib.a(vi.o)
 .text.char_insert
                0x0000000000410a00      0x1b8 editors/lib.a(vi.o)
 .text.get_input_line
                0x0000000000410bb8      0x27c editors/lib.a(vi.o)
 .text.redraw   0x0000000000410e34       0xb0 editors/lib.a(vi.o)
 .text.Indicate_Error
                0x0000000000410ee4       0xd4 editors/lib.a(vi.o)
 .text.show_status_line
                0x0000000000410fb8      0x3f0 editors/lib.a(vi.o)
 .text.do_cmd   0x00000000004113a8     0x1d64 editors/lib.a(vi.o)
 .text.find_range
                0x000000000041310c      0x3a8 editors/lib.a(vi.o)
 .text.edit_file
                0x00000000004134b4      0x67c editors/lib.a(vi.o)
 .text.vi_main  0x0000000000413b30      0x170 editors/lib.a(vi.o)
                0x0000000000413b30                vi_main
 .text.alloc_action.6457
                0x0000000000413ca0       0xe4 findutils/lib.a(find.o)
 .text.find_main
                0x0000000000413d84      0x2f8 findutils/lib.a(find.o)
                0x0000000000413d84                find_main
 .text.func_name
                0x000000000041407c       0xac findutils/lib.a(find.o)
 .text.func_print
                0x0000000000414128       0x3c findutils/lib.a(find.o)
 .text.fileAction
                0x0000000000414164      0x10c findutils/lib.a(find.o)
 .text.add_grep_list_data
                0x0000000000414270       0x48 findutils/lib.a(grep.o)
 .text.print_line
                0x00000000004142b8       0xec findutils/lib.a(grep.o)
 .text.grep_file
                0x00000000004143a4      0x348 findutils/lib.a(grep.o)
 .text.grep_main
                0x00000000004146ec      0x544 findutils/lib.a(grep.o)
                0x00000000004146ec                grep_main
 .text.file_action_grep
                0x0000000000414c30       0xfc findutils/lib.a(grep.o)
 .text.halt_main
                0x0000000000414d2c      0x150 init/lib.a(halt.o)
                0x0000000000414d2c                halt_main
 .text.cont_handler
                0x0000000000414e7c       0x1c init/lib.a(init.o)
 .text.loop_forever
                0x0000000000414e98       0x34 init/lib.a(init.o)
 .text.init_reboot
                0x0000000000414ecc       0x7c init/lib.a(init.o)
 .text.set_sane_term
                0x0000000000414f48       0xc8 init/lib.a(init.o)
 .text.new_init_action
                0x0000000000415010      0x158 init/lib.a(init.o)
 .text.delete_init_action
                0x0000000000415168       0x70 init/lib.a(init.o)
 .text.message  0x00000000004151d8      0x184 init/lib.a(init.o)
 .text.parse_inittab
                0x000000000041535c      0x3b8 init/lib.a(init.o)
 .text.stop_handler
                0x0000000000415714       0x88 init/lib.a(init.o)
 .text.shutdown_system
                0x000000000041579c      0x274 init/lib.a(init.o)
 .text.shutdown_signal
                0x0000000000415a10       0xec init/lib.a(init.o)
 .text.open_stdio_to_tty
                0x0000000000415afc      0x150 init/lib.a(init.o)
 .text.run      0x0000000000415c4c      0x654 init/lib.a(init.o)
 .text.waitfor  0x00000000004162a0       0xc0 init/lib.a(init.o)
 .text.run_actions
                0x0000000000416360      0x14c init/lib.a(init.o)
 .text.init_main
                0x00000000004164ac      0x67c init/lib.a(init.o)
                0x00000000004164ac                init_main
 .text.reload_signal
                0x0000000000416b28       0xf8 init/lib.a(init.o)
 .text.ctrlaltdel_signal
                0x0000000000416c20       0x20 init/lib.a(init.o)
 .text.exec_signal
                0x0000000000416c40      0x2b8 init/lib.a(init.o)
 .text.bb_ask_confirmation
                0x0000000000416ef8      0x130 libbb/lib.a(ask_confirmation.o)
                0x0000000000416ef8                bb_ask_confirmation
 .text.bb_basename
                0x0000000000417028       0x50 libbb/lib.a(bb_basename.o)
                0x0000000000417028                bb_basename
 .text.xuname2uid
                0x0000000000417078       0x60 libbb/lib.a(bb_pwd.o)
                0x0000000000417078                xuname2uid
 .text.bb_getug
                0x00000000004170d8       0xac libbb/lib.a(bb_pwd.o)
 .text.bb_getgrgid
                0x0000000000417184       0x88 libbb/lib.a(bb_pwd.o)
                0x0000000000417184                bb_getgrgid
 .text.bb_getpwuid
                0x000000000041720c       0x88 libbb/lib.a(bb_pwd.o)
                0x000000000041720c                bb_getpwuid
 .text.ret_ERANGE
                0x0000000000417294       0x28 libbb/lib.a(bb_strtonum.o)
 .text.handle_errors
                0x00000000004172bc       0xc8 libbb/lib.a(bb_strtonum.o)
 .text.bb_strtol
                0x0000000000417384       0xd4 libbb/lib.a(bb_strtonum.o)
                0x0000000000417384                bb_strtol
 .text.bb_strtoul
                0x0000000000417458       0xc0 libbb/lib.a(bb_strtonum.o)
                0x0000000000417458                bb_strtoul
 .text.index_in_substrings
                0x0000000000417518       0xc0 libbb/lib.a(compare_string_array.o)
                0x0000000000417518                index_in_substrings
 .text.index_in_strings
                0x00000000004175d8       0x9c libbb/lib.a(compare_string_array.o)
                0x00000000004175d8                index_in_strings
 .text.concat_path_file
                0x0000000000417674       0xb4 libbb/lib.a(concat_path_file.o)
                0x0000000000417674                concat_path_file
 .text.ask_and_unlink
                0x0000000000417728       0xbc libbb/lib.a(copy_file.o)
 .text.copy_file
                0x00000000004177e4      0x844 libbb/lib.a(copy_file.o)
                0x00000000004177e4                copy_file
 .text.bb_full_fd_action
                0x0000000000418028      0x144 libbb/lib.a(copyfd.o)
 .text.bb_copyfd_eof
                0x000000000041816c       0x20 libbb/lib.a(copyfd.o)
                0x000000000041816c                bb_copyfd_eof
 .text.device_open
                0x000000000041818c       0xc4 libbb/lib.a(device_open.o)
                0x000000000041818c                device_open
 .text.bb_error_msg
                0x0000000000418250       0x4c libbb/lib.a(error_msg.o)
                0x0000000000418250                bb_error_msg
 .text.xfunc_die
                0x000000000041829c       0x5c libbb/lib.a(error_msg_and_die.o)
                0x000000000041829c                xfunc_die
 .text.bb_error_msg_and_die
                0x00000000004182f8       0x54 libbb/lib.a(error_msg_and_die.o)
                0x00000000004182f8                bb_error_msg_and_die
 .text.execable_file
                0x000000000041834c       0x80 libbb/lib.a(execable.o)
                0x000000000041834c                execable_file
 .text.find_execable
                0x00000000004183cc      0x124 libbb/lib.a(execable.o)
                0x00000000004183cc                find_execable
 .text.fclose_if_not_stdin
                0x00000000004184f0       0x3c libbb/lib.a(fclose_nonstdin.o)
                0x00000000004184f0                fclose_if_not_stdin
 .text.fflush_stdout_and_exit
                0x000000000041852c       0x64 libbb/lib.a(fflush_stdout_and_exit.o)
                0x000000000041852c                fflush_stdout_and_exit
 .text.find_mount_point
                0x0000000000418590      0x1d0 libbb/lib.a(find_mount_point.o)
                0x0000000000418590                find_mount_point
 .text.find_block_device_in_dir
                0x0000000000418760      0x200 libbb/lib.a(find_root_device.o)
 .text.find_block_device
                0x0000000000418960       0xb0 libbb/lib.a(find_root_device.o)
                0x0000000000418960                find_block_device
 .text.full_write
                0x0000000000418a10       0x88 libbb/lib.a(full_write.o)
                0x0000000000418a10                full_write
 .text.bb_get_last_path_component
                0x0000000000418a98       0x64 libbb/lib.a(get_last_path_component.o)
                0x0000000000418a98                bb_get_last_path_component
 .text.bb_get_chunk_from_file
                0x0000000000418afc      0x15c libbb/lib.a(get_line_from_file.o)
                0x0000000000418afc                bb_get_chunk_from_file
 .text.xmalloc_getline
                0x0000000000418c58       0x68 libbb/lib.a(get_line_from_file.o)
                0x0000000000418c58                xmalloc_getline
 .text.xmalloc_fgets
                0x0000000000418cc0       0x38 libbb/lib.a(get_line_from_file.o)
                0x0000000000418cc0                xmalloc_fgets
 .text.getopt32
                0x0000000000418cf8      0x76c libbb/lib.a(getopt32.o)
                0x0000000000418cf8                getopt32
 .text.is_in_ino_dev_hashtable
                0x0000000000419464       0xa8 libbb/lib.a(inode_hash.o)
                0x0000000000419464                is_in_ino_dev_hashtable
 .text.add_to_ino_dev_hashtable
                0x000000000041950c      0x114 libbb/lib.a(inode_hash.o)
                0x000000000041950c                add_to_ino_dev_hashtable
 .text.is_directory
                0x0000000000419620       0x80 libbb/lib.a(isdirectory.o)
                0x0000000000419620                is_directory
 .text.last_char_is
                0x00000000004196a0       0x7c libbb/lib.a(last_char_is.o)
                0x00000000004196a0                last_char_is
 .text.llist_unlink
                0x000000000041971c       0x58 libbb/lib.a(llist.o)
                0x000000000041971c                llist_unlink
 .text.llist_pop
                0x0000000000419774       0x6c libbb/lib.a(llist.o)
                0x0000000000419774                llist_pop
 .text.llist_free
                0x00000000004197e0       0x70 libbb/lib.a(llist.o)
                0x00000000004197e0                llist_free
 .text.llist_add_to_end
                0x0000000000419850       0x7c libbb/lib.a(llist.o)
                0x0000000000419850                llist_add_to_end
 .text.llist_add_to
                0x00000000004198cc       0x5c libbb/lib.a(llist.o)
                0x00000000004198cc                llist_add_to
 .text.bb_make_directory
                0x0000000000419928      0x260 libbb/lib.a(make_directory.o)
                0x0000000000419928                bb_make_directory
 .text.bb_makedev
                0x0000000000419b88       0x34 libbb/lib.a(makedev.o)
                0x0000000000419b88                bb_makedev
 .text.md5_begin
                0x0000000000419bbc       0x48 libbb/lib.a(md5.o)
                0x0000000000419bbc                md5_begin
 .text.md5_hash_block
                0x0000000000419c04      0x36c libbb/lib.a(md5.o)
 .text.md5_end  0x0000000000419f70      0x1f8 libbb/lib.a(md5.o)
                0x0000000000419f70                md5_end
 .text.md5_hash
                0x000000000041a168      0x108 libbb/lib.a(md5.o)
                0x000000000041a168                md5_hash
 .text.bb_mode_string
                0x000000000041a270       0xcc libbb/lib.a(mode_string.o)
                0x000000000041a270                bb_mode_string
 .text.bb_parse_mode
                0x000000000041a33c      0x318 libbb/lib.a(parse_mode.o)
                0x000000000041a33c                bb_parse_mode
 .text.bb_perror_msg
                0x000000000041a654       0x8c libbb/lib.a(perror_msg.o)
                0x000000000041a654                bb_perror_msg
 .text.bb_perror_msg_and_die
                0x000000000041a6e0       0x8c libbb/lib.a(perror_msg_and_die.o)
                0x000000000041a6e0                bb_perror_msg_and_die
 .text.bb_perror_nomsg_and_die
                0x000000000041a76c       0x1c libbb/lib.a(perror_nomsg_and_die.o)
                0x000000000041a76c                bb_perror_nomsg_and_die
 .text.bb_process_escape_sequence
                0x000000000041a788      0x108 libbb/lib.a(process_escape_sequence.o)
                0x000000000041a788                bb_process_escape_sequence
 .text.safe_read
                0x000000000041a890       0x98 libbb/lib.a(read.o)
                0x000000000041a890                safe_read
 .text.full_read
                0x000000000041a928       0x90 libbb/lib.a(read.o)
                0x000000000041a928                full_read
 .text.read_close
                0x000000000041a9b8       0x64 libbb/lib.a(read.o)
                0x000000000041a9b8                read_close
 .text.xmalloc_open_read_close
                0x000000000041aa1c      0x138 libbb/lib.a(read.o)
                0x000000000041aa1c                xmalloc_open_read_close
 .text.open_read_close
                0x000000000041ab54       0x74 libbb/lib.a(read.o)
                0x000000000041ab54                open_read_close
 .text.reads    0x000000000041abc8       0xc8 libbb/lib.a(read.o)
                0x000000000041abc8                reads
 .text.true_action
                0x000000000041ac90        0x8 libbb/lib.a(recursive_action.o)
 .text.recursive_action
                0x000000000041ac98      0x290 libbb/lib.a(recursive_action.o)
                0x000000000041ac98                recursive_action
 .text.remove_file
                0x000000000041af28      0x398 libbb/lib.a(remove_file.o)
                0x000000000041af28                remove_file
 .text.safe_strncpy
                0x000000000041b2c0       0x30 libbb/lib.a(safe_strncpy.o)
                0x000000000041b2c0                safe_strncpy
 .text.safe_write
                0x000000000041b2f0       0x98 libbb/lib.a(safe_write.o)
                0x000000000041b2f0                safe_write
 .text.skip_whitespace
                0x000000000041b388       0x54 libbb/lib.a(skip_whitespace.o)
                0x000000000041b388                skip_whitespace
 .text.tty_baud_to_value
                0x000000000041b3dc       0x78 libbb/lib.a(speed_table.o)
                0x000000000041b3dc                tty_baud_to_value
 .text.tty_value_to_baud
                0x000000000041b454       0x88 libbb/lib.a(speed_table.o)
                0x000000000041b454                tty_value_to_baud
 .text.bb_verror_msg
                0x000000000041b4dc      0x270 libbb/lib.a(verror_msg.o)
                0x000000000041b4dc                bb_verror_msg
 .text.forkexit_or_rexec
                0x000000000041b74c       0x70 libbb/lib.a(vfork_daemon_rexec.o)
                0x000000000041b74c                forkexit_or_rexec
 .text.bb_daemonize_or_rexec
                0x000000000041b7bc      0x1a0 libbb/lib.a(vfork_daemon_rexec.o)
                0x000000000041b7bc                bb_daemonize_or_rexec
 .text.bb_sanitize_stdio
                0x000000000041b95c       0x1c libbb/lib.a(vfork_daemon_rexec.o)
                0x000000000041b95c                bb_sanitize_stdio
 .text.wait4pid
                0x000000000041b978       0x90 libbb/lib.a(vfork_daemon_rexec.o)
                0x000000000041b978                wait4pid
 .text.spawn    0x000000000041ba08       0xb4 libbb/lib.a(vfork_daemon_rexec.o)
                0x000000000041ba08                spawn
 .text.bb_warn_ignoring_args
                0x000000000041babc       0x30 libbb/lib.a(warn_ignoring_args.o)
                0x000000000041babc                bb_warn_ignoring_args
 .text.fopen_or_warn_stdin
                0x000000000041baec       0x70 libbb/lib.a(wfopen_input.o)
                0x000000000041baec                fopen_or_warn_stdin
 .text.xstrtoul_range_sfx
                0x000000000041bb5c      0x1b4 libbb/lib.a(xatonum.o)
                0x000000000041bb5c                xstrtoul_range_sfx
 .text.xstrtol_range_sfx
                0x000000000041bd10       0xd4 libbb/lib.a(xatonum.o)
                0x000000000041bd10                xstrtol_range_sfx
 .text.xatol    0x000000000041bde4       0x44 libbb/lib.a(xatonum.o)
                0x000000000041bde4                xatol
 .text.xatol_range
                0x000000000041be28       0x40 libbb/lib.a(xatonum.o)
                0x000000000041be28                xatol_range
 .text.xatoul_sfx
                0x000000000041be68       0x40 libbb/lib.a(xatonum.o)
                0x000000000041be68                xatoul_sfx
 .text.xatoul   0x000000000041bea8       0x1c libbb/lib.a(xatonum.o)
                0x000000000041bea8                xatoul
 .text.xatoul_range
                0x000000000041bec4       0x40 libbb/lib.a(xatonum.o)
                0x000000000041bec4                xatoul_range
 .text.xatou16  0x000000000041bf04       0x3c libbb/lib.a(xatonum.o)
                0x000000000041bf04                xatou16
 .text.xatoi_u  0x000000000041bf40       0x20 libbb/lib.a(xatonum.o)
                0x000000000041bf40                xatoi_u
 .text.xatoul_range_sfx
                0x000000000041bf60       0x44 libbb/lib.a(xatonum.o)
                0x000000000041bf60                xatoul_range_sfx
 .text.utoa_to_buf
                0x000000000041bfa4       0x94 libbb/lib.a(xfuncs.o)
                0x000000000041bfa4                utoa_to_buf
 .text.itoa_to_buf
                0x000000000041c038       0x3c libbb/lib.a(xfuncs.o)
                0x000000000041c038                itoa_to_buf
 .text.itoa     0x000000000041c074       0x4c libbb/lib.a(xfuncs.o)
                0x000000000041c074                itoa
 .text.bin2hex  0x000000000041c0c0       0x64 libbb/lib.a(xfuncs.o)
                0x000000000041c0c0                bin2hex
 .text.bb_xioctl
                0x000000000041c124       0x5c libbb/lib.a(xfuncs.o)
                0x000000000041c124                bb_xioctl
 .text.bb_ioctl_or_warn
                0x000000000041c180       0x6c libbb/lib.a(xfuncs.o)
                0x000000000041c180                bb_ioctl_or_warn
 .text.ioctl_or_perror_and_die
                0x000000000041c1ec       0xa0 libbb/lib.a(xfuncs.o)
                0x000000000041c1ec                ioctl_or_perror_and_die
 .text.get_terminal_width_height
                0x000000000041c28c      0x170 libbb/lib.a(xfuncs.o)
                0x000000000041c28c                get_terminal_width_height
 .text.xstat    0x000000000041c3fc       0x5c libbb/lib.a(xfuncs.o)
                0x000000000041c3fc                xstat
 .text.xsendto  0x000000000041c458       0x60 libbb/lib.a(xfuncs.o)
                0x000000000041c458                xsendto
 .text.xbind    0x000000000041c4b8       0x58 libbb/lib.a(xfuncs.o)
                0x000000000041c4b8                xbind
 .text.xsocket  0x000000000041c510       0x58 libbb/lib.a(xfuncs.o)
                0x000000000041c510                xsocket
 .text.xopendir
                0x000000000041c568       0x5c libbb/lib.a(xfuncs.o)
                0x000000000041c568                xopendir
 .text.warn_opendir
                0x000000000041c5c4       0x6c libbb/lib.a(xfuncs.o)
                0x000000000041c5c4                warn_opendir
 .text.xchdir   0x000000000041c630       0x5c libbb/lib.a(xfuncs.o)
                0x000000000041c630                xchdir
 .text.xfflush_stdout
                0x000000000041c68c       0x5c libbb/lib.a(xfuncs.o)
                0x000000000041c68c                xfflush_stdout
 .text.xasprintf
                0x000000000041c6e8       0x70 libbb/lib.a(xfuncs.o)
                0x000000000041c6e8                xasprintf
 .text.xlseek   0x000000000041c758       0x78 libbb/lib.a(xfuncs.o)
                0x000000000041c758                xlseek
 .text.die_if_ferror
                0x000000000041c7d0       0x5c libbb/lib.a(xfuncs.o)
                0x000000000041c7d0                die_if_ferror
 .text.xwrite   0x000000000041c82c       0x64 libbb/lib.a(xfuncs.o)
                0x000000000041c82c                xwrite
 .text.xdup2    0x000000000041c890       0x5c libbb/lib.a(xfuncs.o)
                0x000000000041c890                xdup2
 .text.xmove_fd
                0x000000000041c8ec       0x60 libbb/lib.a(xfuncs.o)
                0x000000000041c8ec                xmove_fd
 .text.open3_or_warn
                0x000000000041c94c       0x6c libbb/lib.a(xfuncs.o)
                0x000000000041c94c                open3_or_warn
 .text.open_or_warn
                0x000000000041c9b8       0x1c libbb/lib.a(xfuncs.o)
                0x000000000041c9b8                open_or_warn
 .text.xopen3   0x000000000041c9d4       0x5c libbb/lib.a(xfuncs.o)
                0x000000000041c9d4                xopen3
 .text.xopen    0x000000000041ca30       0x1c libbb/lib.a(xfuncs.o)
                0x000000000041ca30                xopen
 .text.xfopen   0x000000000041ca4c       0x5c libbb/lib.a(xfuncs.o)
                0x000000000041ca4c                xfopen
 .text.xstrdup  0x000000000041caa8       0x60 libbb/lib.a(xfuncs.o)
                0x000000000041caa8                xstrdup
 .text.xrealloc
                0x000000000041cb08       0x64 libbb/lib.a(xfuncs.o)
                0x000000000041cb08                xrealloc
 .text.xmalloc  0x000000000041cb6c       0x64 libbb/lib.a(xfuncs.o)
                0x000000000041cb6c                xmalloc
 .text.xstrndup
                0x000000000041cbd0       0x8c libbb/lib.a(xfuncs.o)
                0x000000000041cbd0                xstrndup
 .text.xzalloc  0x000000000041cc5c       0x68 libbb/lib.a(xfuncs.o)
                0x000000000041cc5c                xzalloc
 .text.xrealloc_getcwd_or_warn
                0x000000000041ccc4      0x100 libbb/lib.a(xgetcwd.o)
                0x000000000041ccc4                xrealloc_getcwd_or_warn
 .text.xmalloc_readlink
                0x000000000041cdc4       0xc0 libbb/lib.a(xreadlink.o)
                0x000000000041cdc4                xmalloc_readlink
 .text.xmalloc_readlink_or_warn
                0x000000000041ce84       0x6c libbb/lib.a(xreadlink.o)
                0x000000000041ce84                xmalloc_readlink_or_warn
 .text.regcomp_or_errmsg
                0x000000000041cef0       0xb8 libbb/lib.a(xregcomp.o)
                0x000000000041cef0                regcomp_or_errmsg
 .text.xregcomp
                0x000000000041cfa8       0x58 libbb/lib.a(xregcomp.o)
                0x000000000041cfa8                xregcomp
 .text.concat_subpath_file
                0x000000000041d000       0x64 libbb/lib.a(concat_subpath_file.o)
                0x000000000041d000                concat_subpath_file
 .text.fopen_or_warn
                0x000000000041d064       0x84 libbb/lib.a(wfopen.o)
                0x000000000041d064                fopen_or_warn
 .text.run_command
                0x000000000041d0e8      0x224 miscutils/lib.a(time.o)
 .text.ptok     0x000000000041d30c       0xb0 miscutils/lib.a(time.o)
 .text.time_main
                0x000000000041d3bc      0x8f8 miscutils/lib.a(time.o)
                0x000000000041d3bc                time_main
 .text.watchdog_main
                0x000000000041dcb4      0x158 miscutils/lib.a(watchdog.o)
                0x000000000041dcb4                watchdog_main
 .text.watchdog_shutdown
                0x000000000041de0c       0x48 miscutils/lib.a(watchdog.o)
 .text.insmod_main
                0x000000000041de54      0x230 modutils/lib.a(insmod.o)
                0x000000000041de54                insmod_main
 .text.lsmod_main
                0x000000000041e084      0x2d8 modutils/lib.a(lsmod.o)
                0x000000000041e084                lsmod_main
 .text.append_option
                0x000000000041e35c       0xc8 modutils/lib.a(modprobe.o)
 .text.already_loaded
                0x000000000041e424      0x13c modutils/lib.a(modprobe.o)
 .text.parse_tag_value
                0x000000000041e560       0xc8 modutils/lib.a(modprobe.o)
 .text.include_conf
                0x000000000041e628      0x63c modutils/lib.a(modprobe.o)
 .text.build_dep
                0x000000000041ec64      0x6e0 modutils/lib.a(modprobe.o)
 .text.check_pattern
                0x000000000041f344       0xd0 modutils/lib.a(modprobe.o)
 .text.check_dep
                0x000000000041f414      0x308 modutils/lib.a(modprobe.o)
 .text.mod_process
                0x000000000041f71c      0x26c modutils/lib.a(modprobe.o)
 .text.modprobe_main
                0x000000000041f988      0x354 modutils/lib.a(modprobe.o)
                0x000000000041f988                modprobe_main
 .text.rmmod_main
                0x000000000041fcdc      0x204 modutils/lib.a(rmmod.o)
                0x000000000041fcdc                rmmod_main
 .text.arp_show
                0x000000000041fee0      0x4b4 networking/lib.a(arp.o)
 .text.arp_main
                0x0000000000420394      0x978 networking/lib.a(arp.o)
                0x0000000000420394                arp_main
 .text.ftp_die  0x0000000000420d0c       0x84 networking/lib.a(ftpgetput.o)
 .text.ftpcmd   0x0000000000420d90      0x174 networking/lib.a(ftpgetput.o)
 .text.ftp_login
                0x0000000000420f04      0x180 networking/lib.a(ftpgetput.o)
 .text.ftp_send
                0x0000000000421084      0x348 networking/lib.a(ftpgetput.o)
 .text.ftpgetput_main
                0x00000000004213cc      0x1c0 networking/lib.a(ftpgetput.o)
                0x00000000004213cc                ftpgetput_main
 .text.ifconfig_main
                0x000000000042158c      0x6a8 networking/lib.a(ifconfig.o)
                0x000000000042158c                ifconfig_main
 .text.dhcp_up  0x0000000000421c34        0x8 networking/lib.a(ifupdown.o)
 .text.dhcp_down
                0x0000000000421c3c        0x8 networking/lib.a(ifupdown.o)
 .text.manual_up_down
                0x0000000000421c44        0x8 networking/lib.a(ifupdown.o)
 .text.check    0x0000000000421c4c        0x8 networking/lib.a(ifupdown.o)
 .text.addstr   0x0000000000421c54       0xb4 networking/lib.a(ifupdown.o)
 .text.strncmpz
                0x0000000000421d08       0x60 networking/lib.a(ifupdown.o)
 .text.execute  0x0000000000421d68      0x490 networking/lib.a(ifupdown.o)
 .text.loopback_down
                0x00000000004221f8       0x2c networking/lib.a(ifupdown.o)
 .text.loopback_up
                0x0000000000422224       0x2c networking/lib.a(ifupdown.o)
 .text.bootp_up
                0x0000000000422250       0x2c networking/lib.a(ifupdown.o)
 .text.static_down
                0x000000000042227c       0x98 networking/lib.a(ifupdown.o)
 .text.static_up
                0x0000000000422314       0xd4 networking/lib.a(ifupdown.o)
 .text.ppp_down
                0x00000000004223e8       0x2c networking/lib.a(ifupdown.o)
 .text.ppp_up   0x0000000000422414       0x2c networking/lib.a(ifupdown.o)
 .text.wvdial_down
                0x0000000000422440       0x2c networking/lib.a(ifupdown.o)
 .text.wvdial_up
                0x000000000042246c       0x2c networking/lib.a(ifupdown.o)
 .text.find_iface_state
                0x0000000000422498       0xb4 networking/lib.a(ifupdown.o)
 .text.next_word
                0x000000000042254c       0xdc networking/lib.a(ifupdown.o)
 .text.read_iface_state
                0x0000000000422628       0xec networking/lib.a(ifupdown.o)
 .text.ifupdown_main
                0x0000000000422714      0xbe4 networking/lib.a(ifupdown.o)
                0x0000000000422714                ifupdown_main
 .text.setlocalenv
                0x00000000004232f8      0x160 networking/lib.a(ifupdown.o)
 .text.set_environ
                0x0000000000423458      0x298 networking/lib.a(ifupdown.o)
 .text.doit     0x00000000004236f0      0x13c networking/lib.a(ifupdown.o)
 .text.execute_all
                0x000000000042382c       0xfc networking/lib.a(ifupdown.o)
 .text.iface_up
                0x0000000000423928       0xe8 networking/lib.a(ifupdown.o)
 .text.iface_down
                0x0000000000423a10       0xe8 networking/lib.a(ifupdown.o)
 .text.get_afntype
                0x0000000000423af8       0x40 networking/lib.a(interface.o)
 .text.hexchar2int
                0x0000000000423b38       0x34 networking/lib.a(interface.o)
 .text.in_ether
                0x0000000000423b6c      0x140 networking/lib.a(interface.o)
 .text.get_hwntype
                0x0000000000423cac       0x40 networking/lib.a(interface.o)
                0x0000000000423cac                get_hwntype
 .text.get_hwtype
                0x0000000000423cec       0x7c networking/lib.a(interface.o)
                0x0000000000423cec                get_hwtype
 .text.get_aftype
                0x0000000000423d68       0x7c networking/lib.a(interface.o)
                0x0000000000423d68                get_aftype
 .text.add_interface
                0x0000000000423de4       0xfc networking/lib.a(interface.o)
 .text.if_readconf
                0x0000000000423ee0      0x158 networking/lib.a(interface.o)
 .text.if_readlist_proc
                0x0000000000424038      0x3e0 networking/lib.a(interface.o)
 .text.do_if_fetch
                0x0000000000424418      0x4c8 networking/lib.a(interface.o)
 .text.print_bytes_scaled
                0x00000000004248e0       0xb4 networking/lib.a(interface.o)
 .text.UNSPEC_print
                0x0000000000424994       0xa8 networking/lib.a(interface.o)
 .text.UNSPEC_sprint
                0x0000000000424a3c       0x48 networking/lib.a(interface.o)
 .text.INET6_input
                0x0000000000424a84       0x1c networking/lib.a(interface.o)
 .text.INET_input
                0x0000000000424aa0       0x1c networking/lib.a(interface.o)
 .text.INET_sprint
                0x0000000000424abc       0x98 networking/lib.a(interface.o)
 .text.INET6_sprint
                0x0000000000424b54       0x98 networking/lib.a(interface.o)
 .text.ife_print
                0x0000000000424bec      0x934 networking/lib.a(interface.o)
 .text.display_interfaces
                0x0000000000425520      0x1c8 networking/lib.a(interface.o)
                0x0000000000425520                display_interfaces
 .text.pr_ether
                0x00000000004256e8       0x8c networking/lib.a(interface.o)
 .text.ip_main  0x0000000000425774       0xb8 networking/lib.a(ip.o)
                0x0000000000425774                ip_main
 .text.ip_print_help
                0x000000000042582c       0x28 networking/lib.a(ip.o)
 .text.do_info  0x0000000000425854      0x13c networking/lib.a(netstat.o)
 .text.netstat_main
                0x0000000000425990      0x44c networking/lib.a(netstat.o)
                0x0000000000425990                netstat_main
 .text.build_ipv4_addr
                0x0000000000425ddc       0x50 networking/lib.a(netstat.o)
 .text.unix_do_one
                0x0000000000425e2c      0x400 networking/lib.a(netstat.o)
 .text.build_ipv6_addr
                0x000000000042622c       0xb4 networking/lib.a(netstat.o)
 .text.ip_port_str
                0x00000000004262e0      0x108 networking/lib.a(netstat.o)
 .text.raw_do_one
                0x00000000004263e8      0x298 networking/lib.a(netstat.o)
 .text.udp_do_one
                0x0000000000426680      0x2b8 networking/lib.a(netstat.o)
 .text.tcp_do_one
                0x0000000000426938      0x24c networking/lib.a(netstat.o)
 .text.sendping_tail
                0x0000000000426b84      0x11c networking/lib.a(ping.o)
 .text.sendping6
                0x0000000000426ca0       0xb4 networking/lib.a(ping.o)
 .text.sendping4
                0x0000000000426d54      0x128 networking/lib.a(ping.o)
 .text.unpack_tail
                0x0000000000426e7c      0x1fc networking/lib.a(ping.o)
 .text.ping6    0x0000000000427078      0x4cc networking/lib.a(ping.o)
 .text.ping4    0x0000000000427544      0x3b0 networking/lib.a(ping.o)
 .text.pingstats
                0x00000000004278f4      0x1e0 networking/lib.a(ping.o)
 .text.ping_main
                0x0000000000427ad4      0x2c0 networking/lib.a(ping.o)
                0x0000000000427ad4                ping_main
 .text.ping6_main
                0x0000000000427d94       0x28 networking/lib.a(ping.o)
                0x0000000000427d94                ping6_main
 .text.set_flags
                0x0000000000427dbc       0x5c networking/lib.a(route.o)
 .text.kw_lookup
                0x0000000000427e18       0xe4 networking/lib.a(route.o)
 .text.INET6_displayroutes
                0x0000000000427efc      0x310 networking/lib.a(route.o)
 .text.bb_displayroutes
                0x000000000042820c      0x350 networking/lib.a(route.o)
                0x000000000042820c                bb_displayroutes
 .text.route_main
                0x000000000042855c      0xa28 networking/lib.a(route.o)
                0x000000000042855c                route_main
 .text.xx_checksum
                0x0000000000428f84       0x70 networking/lib.a(tftp.o)
 .text.xx_raw_packet
                0x0000000000428ff4      0x288 networking/lib.a(tftp.o)
 .text.tftp     0x000000000042927c      0x67c networking/lib.a(tftp.o)
 .text.tftp_main
                0x00000000004298f8      0x4b8 networking/lib.a(tftp.o)
                0x00000000004298f8                tftp_main
 .text.xfind_str
                0x0000000000429db0       0x88 networking/lib.a(vconfig.o)
 .text.vconfig_main
                0x0000000000429e38      0x214 networking/lib.a(vconfig.o)
                0x0000000000429e38                vconfig_main
 .text.ip_parse_common_args
                0x000000000042a04c      0x23c networking/libiproute/lib.a(ip_parse_common_args.o)
                0x000000000042a04c                ip_parse_common_args
 .text.on_off   0x000000000042a288       0x30 networking/libiproute/lib.a(iplink.o)
 .text.get_ctl_fd
                0x000000000042a2b8       0x7c networking/libiproute/lib.a(iplink.o)
 .text.ipaddr_list_link
                0x000000000042a334       0x24 networking/libiproute/lib.a(iplink.o)
 .text.do_iplink
                0x000000000042a358      0x798 networking/libiproute/lib.a(iplink.o)
                0x000000000042a358                do_iplink
 .text.ll_addr_a2n
                0x000000000042aaf0      0x188 networking/libiproute/lib.a(ll_addr.o)
                0x000000000042aaf0                ll_addr_a2n
 .text.ll_addr_n2a
                0x000000000042ac78      0x154 networking/libiproute/lib.a(ll_addr.o)
                0x000000000042ac78                ll_addr_n2a
 .text.rt_addr_n2a
                0x000000000042adcc       0x48 networking/libiproute/lib.a(utils.o)
                0x000000000042adcc                rt_addr_n2a
 .text.inet_addr_match
                0x000000000042ae14       0xb4 networking/libiproute/lib.a(utils.o)
                0x000000000042ae14                inet_addr_match
 .text.duparg2  0x000000000042aec8       0x34 networking/libiproute/lib.a(utils.o)
                0x000000000042aec8                duparg2
 .text.duparg   0x000000000042aefc       0x34 networking/libiproute/lib.a(utils.o)
                0x000000000042aefc                duparg
 .text.invarg   0x000000000042af30       0x30 networking/libiproute/lib.a(utils.o)
                0x000000000042af30                invarg
 .text.incomplete_command
                0x000000000042af60       0x2c networking/libiproute/lib.a(utils.o)
                0x000000000042af60                incomplete_command
 .text.get_addr_1
                0x000000000042af8c      0x1e8 networking/libiproute/lib.a(utils.o)
                0x000000000042af8c                get_addr_1
 .text.get_integer
                0x000000000042b174       0x94 networking/libiproute/lib.a(utils.o)
                0x000000000042b174                get_integer
 .text.get_prefix_1
                0x000000000042b208      0x16c networking/libiproute/lib.a(utils.o)
                0x000000000042b208                get_prefix_1
 .text.get_prefix
                0x000000000042b374       0x78 networking/libiproute/lib.a(utils.o)
                0x000000000042b374                get_prefix
 .text.flush_update
                0x000000000042b3ec       0x7c networking/libiproute/lib.a(ipaddress.o)
 .text.print_addrinfo
                0x000000000042b468      0x8a0 networking/libiproute/lib.a(ipaddress.o)
 .text.ipaddr_list_or_flush
                0x000000000042bd08      0xe14 networking/libiproute/lib.a(ipaddress.o)
                0x000000000042bd08                ipaddr_list_or_flush
 .text.store_nlmsg
                0x000000000042cb1c       0xc4 networking/libiproute/lib.a(ipaddress.o)
 .text.parse_rtattr
                0x000000000042cbe0       0xb4 networking/libiproute/lib.a(libnetlink.o)
                0x000000000042cbe0                parse_rtattr
 .text.rtnl_dump_filter
                0x000000000042cc94      0x2a8 networking/libiproute/lib.a(libnetlink.o)
 .text.xrtnl_dump_filter
                0x000000000042cf3c       0x5c networking/libiproute/lib.a(libnetlink.o)
                0x000000000042cf3c                xrtnl_dump_filter
 .text.rtnl_send
                0x000000000042cf98       0x54 networking/libiproute/lib.a(libnetlink.o)
                0x000000000042cf98                rtnl_send
 .text.xrtnl_wilddump_request
                0x000000000042cfec       0x90 networking/libiproute/lib.a(libnetlink.o)
                0x000000000042cfec                xrtnl_wilddump_request
 .text.xrtnl_open
                0x000000000042d07c      0x12c networking/libiproute/lib.a(libnetlink.o)
                0x000000000042d07c                xrtnl_open
 .text.find_by_index
                0x000000000042d1a8       0x4c networking/libiproute/lib.a(ll_map.o)
 .text.ll_index_to_flags
                0x000000000042d1f4       0x60 networking/libiproute/lib.a(ll_map.o)
                0x000000000042d1f4                ll_index_to_flags
 .text.xll_name_to_index
                0x000000000042d254       0xe0 networking/libiproute/lib.a(ll_map.o)
                0x000000000042d254                xll_name_to_index
 .text.ll_idx_n2a
                0x000000000042d334       0x94 networking/libiproute/lib.a(ll_map.o)
                0x000000000042d334                ll_idx_n2a
 .text.ll_index_to_name
                0x000000000042d3c8       0x20 networking/libiproute/lib.a(ll_map.o)
                0x000000000042d3c8                ll_index_to_name
 .text.ll_remember_index
                0x000000000042d3e8      0x190 networking/libiproute/lib.a(ll_map.o)
                0x000000000042d3e8                ll_remember_index
 .text.ll_type_n2a
                0x000000000042d578       0x98 networking/libiproute/lib.a(ll_types.o)
                0x000000000042d578                ll_type_n2a
 .text.rtnl_tab_initialize
                0x000000000042d610      0x218 networking/libiproute/lib.a(rt_names.o)
 .text.rtnl_rtscope_initialize
                0x000000000042d828       0xc4 networking/libiproute/lib.a(rt_names.o)
 .text.rtnl_rtscope_a2n
                0x000000000042d8ec      0x17c networking/libiproute/lib.a(rt_names.o)
                0x000000000042d8ec                rtnl_rtscope_a2n
 .text.rtnl_rtscope_n2a
                0x000000000042da68       0xb4 networking/libiproute/lib.a(rt_names.o)
                0x000000000042da68                rtnl_rtscope_n2a
 .text.kill_main
                0x000000000042db1c      0x4a8 procps/lib.a(kill.o)
                0x000000000042db1c                kill_main
 .text.pidof_main
                0x000000000042dfc4      0x194 procps/lib.a(pidof.o)
                0x000000000042dfc4                pidof_main
 .text.ps_main  0x000000000042e158      0x158 procps/lib.a(ps.o)
                0x000000000042e158                ps_main
 .text.dwrite_str
                0x000000000042e2b0       0x5c procps/lib.a(sysctl.o)
 .text.sysctl_write_setting
                0x000000000042e30c      0x304 procps/lib.a(sysctl.o)
 .text.sysctl_preload_file
                0x000000000042e610      0x23c procps/lib.a(sysctl.o)
 .text.sysctl_read_setting
                0x000000000042e84c      0x294 procps/lib.a(sysctl.o)
 .text.sysctl_display_all
                0x000000000042eae0      0x1ac procps/lib.a(sysctl.o)
 .text.sysctl_main
                0x000000000042ec8c      0x27c procps/lib.a(sysctl.o)
                0x000000000042ec8c                sysctl_main
 .text.mem_sort
                0x000000000042ef08       0x28 procps/lib.a(top.o)
 .text.pcpu_sort
                0x000000000042ef30       0x10 procps/lib.a(top.o)
 .text.time_sort
                0x000000000042ef40       0x28 procps/lib.a(top.o)
 .text.mult_lvl_cmp
                0x000000000042ef68       0x7c procps/lib.a(top.o)
 .text.fmt_100percent_8
                0x000000000042efe4      0x100 procps/lib.a(top.o)
 .text.do_stats
                0x000000000042f0e4      0x2e0 procps/lib.a(top.o)
 .text.display_status
                0x000000000042f3c4      0x87c procps/lib.a(top.o)
 .text.clearmems
                0x000000000042fc40       0x60 procps/lib.a(top.o)
 .text.top_main
                0x000000000042fca0      0x2e8 procps/lib.a(top.o)
                0x000000000042fca0                top_main
 .text.uptime_main
                0x000000000042ff88      0x1e0 procps/lib.a(uptime.o)
                0x000000000042ff88                uptime_main
 .text.stunalloc
                0x0000000000430168       0x30 shell/lib.a(ash.o)
 .text.setstackmark
                0x0000000000430198       0x44 shell/lib.a(ash.o)
 .text.prefix   0x00000000004301dc       0x3c shell/lib.a(ash.o)
 .text.is_number
                0x0000000000430218       0x34 shell/lib.a(ash.o)
 .text.varcmp   0x000000000043024c       0x5c shell/lib.a(ash.o)
 .text.varequal
                0x00000000004302a8       0x40 shell/lib.a(ash.o)
 .text.hashvar  0x00000000004302e8       0x68 shell/lib.a(ash.o)
 .text.vpcmp    0x0000000000430350       0x24 shell/lib.a(ash.o)
 .text.findvar  0x0000000000430374       0x84 shell/lib.a(ash.o)
 .text.setprompt
                0x00000000004303f8       0x6c shell/lib.a(ash.o)
 .text.set_curjob
                0x0000000000430464       0xa8 shell/lib.a(ash.o)
 .text.jobno    0x000000000043050c       0x38 shell/lib.a(ash.o)
 .text.getstatus
                0x0000000000430544       0x78 shell/lib.a(ash.o)
 .text.esclen   0x00000000004305bc       0x34 shell/lib.a(ash.o)
 .text.falsecmd
                0x00000000004305f0        0x8 shell/lib.a(ash.o)
 .text.truecmd  0x00000000004305f8        0x8 shell/lib.a(ash.o)
 .text.bltincmd
                0x0000000000430600       0x20 shell/lib.a(ash.o)
 .text.pungetc  0x0000000000430620       0x30 shell/lib.a(ash.o)
 .text.freeparam
                0x0000000000430650       0x84 shell/lib.a(ash.o)
 .text.freefunc
                0x00000000004306d4       0x40 shell/lib.a(ash.o)
 .text.pstrcmp  0x0000000000430714       0x20 shell/lib.a(ash.o)
 .text.msort    0x0000000000430734      0x124 shell/lib.a(ash.o)
 .text.raise_exception
                0x0000000000430858       0x50 shell/lib.a(ash.o)
 .text.ignoresig
                0x00000000004308a8       0x84 shell/lib.a(ash.o)
 .text.raise_interrupt
                0x000000000043092c      0x100 shell/lib.a(ash.o)
 .text.popstring
                0x0000000000430a2c       0xdc shell/lib.a(ash.o)
 .text.popfile  0x0000000000430b08      0x180 shell/lib.a(ash.o)
 .text.popallfiles
                0x0000000000430c88       0x70 shell/lib.a(ash.o)
 .text.flush_stdout_stderr
                0x0000000000430cf8       0xc4 shell/lib.a(ash.o)
 .text.outcslow
                0x0000000000430dbc      0x108 shell/lib.a(ash.o)
 .text.ash_vmsg
                0x0000000000430ec4      0x160 shell/lib.a(ash.o)
 .text.ash_vmsg_and_raise
                0x0000000000431024       0x6c shell/lib.a(ash.o)
 .text.ash_msg_and_raise_error
                0x0000000000431090       0x44 shell/lib.a(ash.o)
 .text.copyfd   0x00000000004310d4       0x84 shell/lib.a(ash.o)
 .text.raise_error_syntax
                0x0000000000431158       0x30 shell/lib.a(ash.o)
 .text.nextopt  0x0000000000431188      0x174 shell/lib.a(ash.o)
 .text.cdopt    0x00000000004312fc       0x8c shell/lib.a(ash.o)
 .text.varunset
                0x0000000000431388       0x90 shell/lib.a(ash.o)
 .text.ash_msg_and_raise
                0x0000000000431418       0x38 shell/lib.a(ash.o)
 .text.showpipe
                0x0000000000431450       0xb4 shell/lib.a(ash.o)
 .text.popredir
                0x0000000000431504      0x194 shell/lib.a(ash.o)
 .text.clearredir
                0x0000000000431698       0x80 shell/lib.a(ash.o)
 .text.popstackmark
                0x0000000000431718      0x118 shell/lib.a(ash.o)
 .text.clearcmdentry
                0x0000000000431830      0x154 shell/lib.a(ash.o)
 .text.changepath
                0x0000000000431984      0x1ac shell/lib.a(ash.o)
 .text.onsig    0x0000000000431b30       0xb8 shell/lib.a(ash.o)
 .text.flush_stderr
                0x0000000000431be8       0xa8 shell/lib.a(ash.o)
 .text.delete_cmd_entry
                0x0000000000431c90       0xfc shell/lib.a(ash.o)
 .text.freejob  0x0000000000431d8c      0x154 shell/lib.a(ash.o)
 .text.removerecordregions
                0x0000000000431ee0      0x22c shell/lib.a(ash.o)
 .text.number   0x000000000043210c       0x68 shell/lib.a(ash.o)
 .text.getoptsreset
                0x0000000000432174       0x50 shell/lib.a(ash.o)
 .text.shiftcmd
                0x00000000004321c4      0x190 shell/lib.a(ash.o)
 .text.returncmd
                0x0000000000432354       0x64 shell/lib.a(ash.o)
 .text.breakcmd
                0x00000000004323b8       0xc8 shell/lib.a(ash.o)
 .text.getjob   0x0000000000432480      0x250 shell/lib.a(ash.o)
 .text.lookupvar
                0x00000000004326d0       0xa0 shell/lib.a(ash.o)
 .text.bltinlookup
                0x0000000000432770       0xb8 shell/lib.a(ash.o)
 .text.ckrealloc
                0x0000000000432828       0x58 shell/lib.a(ash.o)
 .text.ckmalloc
                0x0000000000432880       0x20 shell/lib.a(ash.o)
 .text.pushfile
                0x00000000004328a0       0xa0 shell/lib.a(ash.o)
 .text.stalloc  0x0000000000432940      0x15c shell/lib.a(ash.o)
 .text.makename
                0x0000000000432a9c       0x70 shell/lib.a(ash.o)
 .text.fixredir
                0x0000000000432b0c       0xc4 shell/lib.a(ash.o)
 .text.recordregion
                0x0000000000432bd0      0x114 shell/lib.a(ash.o)
 .text.ckstrdup
                0x0000000000432ce4       0x58 shell/lib.a(ash.o)
 .text.setvareq
                0x0000000000432d3c      0x1e0 shell/lib.a(ash.o)
 .text.listsetvar
                0x0000000000432f1c       0xdc shell/lib.a(ash.o)
 .text.setparam
                0x0000000000432ff8      0x100 shell/lib.a(ash.o)
 .text.setinputstring
                0x00000000004330f8       0xf4 shell/lib.a(ash.o)
 .text.calcsize
                0x00000000004331ec      0x1b8 shell/lib.a(ash.o)
 .text.sizenodelist
                0x00000000004333a4       0x78 shell/lib.a(ash.o)
 .text.growstackblock
                0x000000000043341c      0x200 shell/lib.a(ash.o)
 .text.makestrspace
                0x000000000043361c       0x98 shell/lib.a(ash.o)
 .text.memtodest
                0x00000000004336b4      0x100 shell/lib.a(ash.o)
 .text.cmdputs  0x00000000004337b4      0x2d4 shell/lib.a(ash.o)
 .text.cmdtxt   0x0000000000433a88      0x53c shell/lib.a(ash.o)
 .text.cmdlist  0x0000000000433fc4       0xc8 shell/lib.a(ash.o)
 .text.stack_nputstr
                0x000000000043408c       0x74 shell/lib.a(ash.o)
 .text.stack_putstr
                0x0000000000434100       0x5c shell/lib.a(ash.o)
 .text.ststrdup
                0x000000000043415c       0x74 shell/lib.a(ash.o)
 .text.addfname
                0x00000000004341d0       0x7c shell/lib.a(ash.o)
 .text.endofname
                0x000000000043424c       0xb0 shell/lib.a(ash.o)
 .text.setvar   0x00000000004342fc      0x1d0 shell/lib.a(ash.o)
 .text.unsetvar
                0x00000000004344cc      0x188 shell/lib.a(ash.o)
 .text.localcmd
                0x0000000000434654      0x250 shell/lib.a(ash.o)
 .text.setvarsafe
                0x00000000004348a4       0xf0 shell/lib.a(ash.o)
 .text.goodname
                0x0000000000434994       0x44 shell/lib.a(ash.o)
 .text.isassignment
                0x00000000004349d8       0x60 shell/lib.a(ash.o)
 .text.setpwd   0x0000000000434a38      0x1fc shell/lib.a(ash.o)
 .text.outstr   0x0000000000434c34       0xa4 shell/lib.a(ash.o)
 .text.out1str  0x0000000000434cd8       0x24 shell/lib.a(ash.o)
 .text.out2str  0x0000000000434cfc       0x4c shell/lib.a(ash.o)
 .text.stoppedjobs
                0x0000000000434d48       0x9c shell/lib.a(ash.o)
 .text.exitcmd  0x0000000000434de4       0x9c shell/lib.a(ash.o)
 .text.out1fmt  0x0000000000434e80       0xb0 shell/lib.a(ash.o)
 .text.options  0x0000000000434f30      0x370 shell/lib.a(ash.o)
 .text.printlim
                0x00000000004352a0       0x6c shell/lib.a(ash.o)
 .text.pwdcmd   0x000000000043530c       0xb8 shell/lib.a(ash.o)
 .text.helpcmd  0x00000000004353c4      0x118 shell/lib.a(ash.o)
 .text.ash_msg  0x00000000004354dc       0x4c shell/lib.a(ash.o)
 .text.setinputfile
                0x0000000000435528      0x200 shell/lib.a(ash.o)
 .text.setsignal
                0x0000000000435728      0x274 shell/lib.a(ash.o)
 .text.xtcsetpgrp
                0x000000000043599c       0x5c shell/lib.a(ash.o)
 .text.setjobctl
                0x00000000004359f8      0x2b8 shell/lib.a(ash.o)
 .text.optschanged
                0x0000000000435cb0       0xf8 shell/lib.a(ash.o)
 .text.preadbuffer
                0x0000000000435da8      0x3f0 shell/lib.a(ash.o)
 .text.pgetc    0x0000000000436198       0x5c shell/lib.a(ash.o)
 .text.pgetc2   0x00000000004361f4       0x5c shell/lib.a(ash.o)
 .text.growstackstr
                0x0000000000436250       0xb0 shell/lib.a(ash.o)
 .text._STPUTC  0x0000000000436300       0x68 shell/lib.a(ash.o)
 .text.listvars
                0x0000000000436368      0x164 shell/lib.a(ash.o)
 .text.tokname  0x00000000004364cc       0x90 shell/lib.a(ash.o)
 .text.raise_error_unexpected_syntax
                0x000000000043655c       0xc0 shell/lib.a(ash.o)
 .text.findkwd  0x000000000043661c       0x4c shell/lib.a(ash.o)
 .text.find_builtin
                0x0000000000436668       0x4c shell/lib.a(ash.o)
 .text.fmtstr   0x00000000004366b4       0xb0 shell/lib.a(ash.o)
 .text.sprint_status
                0x0000000000436764      0x158 shell/lib.a(ash.o)
 .text.dowait   0x00000000004368bc      0x278 shell/lib.a(ash.o)
 .text.waitcmd  0x0000000000436b34      0x26c shell/lib.a(ash.o)
 .text.waitforjob
                0x0000000000436da0      0x100 shell/lib.a(ash.o)
 .text.fg_bgcmd
                0x0000000000436ea0      0x284 shell/lib.a(ash.o)
 .text.getoptscmd
                0x0000000000437124      0x47c shell/lib.a(ash.o)
 .text.cvtnum   0x00000000004375a0       0x88 shell/lib.a(ash.o)
 .text.cmdlookup
                0x0000000000437628      0x150 shell/lib.a(ash.o)
 .text.unsetcmd
                0x0000000000437778      0x14c shell/lib.a(ash.o)
 .text.padvance
                0x00000000004378c4      0x1e0 shell/lib.a(ash.o)
 .text.showjob  0x0000000000437aa4      0x2c8 shell/lib.a(ash.o)
 .text.showjobs
                0x0000000000437d6c       0xd0 shell/lib.a(ash.o)
 .text.jobscmd  0x0000000000437e3c      0x130 shell/lib.a(ash.o)
 .text.nodeckstrdup
                0x0000000000437f6c       0x88 shell/lib.a(ash.o)
 .text.copynode
                0x0000000000437ff4      0x208 shell/lib.a(ash.o)
 .text.copynodelist
                0x00000000004381fc       0x9c shell/lib.a(ash.o)
 .text.umaskcmd
                0x0000000000438298      0x2ec shell/lib.a(ash.o)
 .text.ulimitcmd
                0x0000000000438584      0x304 shell/lib.a(ash.o)
 .text.errmsg   0x0000000000438888       0x3c shell/lib.a(ash.o)
 .text.single_quote
                0x00000000004388c4      0x14c shell/lib.a(ash.o)
 .text.trapcmd  0x0000000000438a10      0x2b0 shell/lib.a(ash.o)
 .text.timescmd
                0x0000000000438cc0      0x14c shell/lib.a(ash.o)
 .text.showvars
                0x0000000000438e0c      0x174 shell/lib.a(ash.o)
 .text.setcmd   0x0000000000438f80      0x134 shell/lib.a(ash.o)
 .text.exportcmd
                0x00000000004390b4      0x190 shell/lib.a(ash.o)
 .text.readcmd  0x0000000000439244      0x3c8 shell/lib.a(ash.o)
 .text.arith    0x000000000043960c      0x8a8 shell/lib.a(ash.o)
 .text.dash_arith
                0x0000000000439eb4      0x128 shell/lib.a(ash.o)
 .text.letcmd   0x0000000000439fdc       0x90 shell/lib.a(ash.o)
 .text.arith_lookup_val
                0x000000000043a06c       0xfc shell/lib.a(ash.o)
 .text.killcmd  0x000000000043a168      0x118 shell/lib.a(ash.o)
 .text.tryexec  0x000000000043a280      0x16c shell/lib.a(ash.o)
 .text.shellexec
                0x000000000043a3ec      0x1e4 shell/lib.a(ash.o)
 .text.execcmd  0x000000000043a5d0       0x7c shell/lib.a(ash.o)
 .text.cdcmd    0x000000000043a64c      0x5f8 shell/lib.a(ash.o)
 .text.testcmd  0x000000000043ac44       0x1c shell/lib.a(ash.o)
 .text._rmescapes
                0x000000000043ac60      0x1e4 shell/lib.a(ash.o)
 .text.parsefname
                0x000000000043ae44      0x208 shell/lib.a(ash.o)
 .text.parse_command
                0x000000000043b04c      0xa90 shell/lib.a(ash.o)
 .text.pipeline
                0x000000000043badc      0x1d4 shell/lib.a(ash.o)
 .text.list     0x000000000043bcb0      0x304 shell/lib.a(ash.o)
 .text.readtoken1
                0x000000000043bfb4     0x1508 shell/lib.a(ash.o)
 .text.parseheredoc
                0x000000000043d4bc      0x144 shell/lib.a(ash.o)
 .text.xxreadtoken
                0x000000000043d600      0x350 shell/lib.a(ash.o)
 .text.readtoken
                0x000000000043d950      0x150 shell/lib.a(ash.o)
 .text.peektoken
                0x000000000043daa0       0x64 shell/lib.a(ash.o)
 .text.parsecmd
                0x000000000043db04       0xc0 shell/lib.a(ash.o)
 .text.preglob  0x000000000043dbc4       0x2c shell/lib.a(ash.o)
 .text.makejob  0x000000000043dbf0      0x23c shell/lib.a(ash.o)
 .text.scanright
                0x000000000043de2c      0x11c shell/lib.a(ash.o)
 .text.scanleft
                0x000000000043df48       0xd8 shell/lib.a(ash.o)
 .text.forkshell
                0x000000000043e020      0x558 shell/lib.a(ash.o)
 .text.expmeta  0x000000000043e578      0x3f8 shell/lib.a(ash.o)
 .text.noclobberopen
                0x000000000043e970      0x154 shell/lib.a(ash.o)
 .text.redirect
                0x000000000043eac4      0x638 shell/lib.a(ash.o)
 .text.redirectsafe
                0x000000000043f0fc      0x118 shell/lib.a(ash.o)
 .text.evaltree
                0x000000000043f214      0x528 shell/lib.a(ash.o)
 .text.evalstring
                0x000000000043f73c      0x138 shell/lib.a(ash.o)
 .text.evalcmd  0x000000000043f874      0x114 shell/lib.a(ash.o)
 .text.exitshell
                0x000000000043f988       0xe4 shell/lib.a(ash.o)
 .text.cmdloop  0x000000000043fa6c      0x1f8 shell/lib.a(ash.o)
 .text.read_profile
                0x000000000043fc64       0x9c shell/lib.a(ash.o)
 .text.ash_main
                0x000000000043fd00      0x810 shell/lib.a(ash.o)
                0x000000000043fd00                ash_main
 .text.find_command
                0x0000000000440510      0x668 shell/lib.a(ash.o)
 .text.typecmd  0x0000000000440b78      0x334 shell/lib.a(ash.o)
 .text.hashcmd  0x0000000000440eac      0x2ac shell/lib.a(ash.o)
 .text.dotcmd   0x0000000000441158      0x280 shell/lib.a(ash.o)
 .text.argstr   0x00000000004413d8      0x914 shell/lib.a(ash.o)
 .text.expandarg
                0x0000000000441cec      0x6ac shell/lib.a(ash.o)
 .text.expredir
                0x0000000000442398      0x124 shell/lib.a(ash.o)
 .text.subevalvar
                0x00000000004424bc      0x24c shell/lib.a(ash.o)
 .text.evalvar  0x0000000000442708      0x854 shell/lib.a(ash.o)
 .text.evalcase
                0x0000000000442f5c      0x24c shell/lib.a(ash.o)
 .text.evalloop
                0x00000000004431a8      0x170 shell/lib.a(ash.o)
 .text.evalfor  0x0000000000443318      0x1dc shell/lib.a(ash.o)
 .text.evalfun  0x00000000004434f4      0x3d8 shell/lib.a(ash.o)
 .text.evalsubshell
                0x00000000004438cc      0x1f0 shell/lib.a(ash.o)
 .text.evalpipe
                0x0000000000443abc      0x394 shell/lib.a(ash.o)
 .text.evalbltin
                0x0000000000443e50      0x154 shell/lib.a(ash.o)
 .text.evalcommand
                0x0000000000443fa4      0x750 shell/lib.a(ash.o)
 .text.decode   0x00000000004446f4       0xa0 sysklogd/lib.a(logger.o)
 .text.logger_main
                0x0000000000444794      0x2f8 sysklogd/lib.a(logger.o)
                0x0000000000444794                logger_main
 .text.timestamp_and_log
                0x0000000000444a8c      0x3f0 sysklogd/lib.a(syslogd.o)
 .text.do_syslogd
                0x0000000000444e7c      0x858 sysklogd/lib.a(syslogd.o)
 .text.syslogd_main
                0x00000000004456d4      0x2b4 sysklogd/lib.a(syslogd.o)
                0x00000000004456d4                syslogd_main
 .text.quit_signal
                0x0000000000445988       0x68 sysklogd/lib.a(syslogd.o)
 .text.dmesg_main
                0x00000000004459f0      0x1c0 util-linux/lib.a(dmesg.o)
                0x00000000004459f0                dmesg_main
 .text.hexdump_main
                0x0000000000445bb0      0x34c util-linux/lib.a(hexdump.o)
                0x0000000000445bb0                hexdump_main
 .text.print_perms
                0x0000000000445efc      0x184 util-linux/lib.a(ipcs.o)
 .text.ipcs_main
                0x0000000000446080     0x15f4 util-linux/lib.a(ipcs.o)
                0x0000000000446080                ipcs_main
 .text.append_mount_options
                0x0000000000447674      0x1bc util-linux/lib.a(mount.o)
 .text.parse_mount_options
                0x0000000000447830      0x1a8 util-linux/lib.a(mount.o)
 .text.mount_it_now
                0x00000000004479d8      0x114 util-linux/lib.a(mount.o)
 .text.singlemount
                0x0000000000447aec      0x424 util-linux/lib.a(mount.o)
 .text.mount_main
                0x0000000000447f10      0x63c util-linux/lib.a(mount.o)
                0x0000000000447f10                mount_main
 .text.umount_main
                0x000000000044854c      0x428 util-linux/lib.a(umount.o)
                0x000000000044854c                umount_main
 .text.create_icmp6_socket
                0x0000000000448974       0xac libbb/lib.a(create_icmp6_socket.o)
                0x0000000000448974                create_icmp6_socket
 .text.create_icmp_socket
                0x0000000000448a20       0xac libbb/lib.a(create_icmp_socket.o)
                0x0000000000448a20                create_icmp_socket
 .text.bb_dump_add
                0x0000000000448acc      0x368 libbb/lib.a(dump.o)
                0x0000000000448acc                bb_dump_add
 .text.bb_dump_size
                0x0000000000448e34      0x1ec libbb/lib.a(dump.o)
                0x0000000000448e34                bb_dump_size
 .text.next     0x0000000000449020      0x24c libbb/lib.a(dump.o)
 .text.bb_dump_dump
                0x000000000044926c     0x10bc libbb/lib.a(dump.o)
                0x000000000044926c                bb_dump_dump
 .text.pidlist_reverse
                0x000000000044a328       0x6c libbb/lib.a(find_pid_by_name.o)
                0x000000000044a328                pidlist_reverse
 .text.find_pid_by_name
                0x000000000044a394      0x134 libbb/lib.a(find_pid_by_name.o)
                0x000000000044a394                find_pid_by_name
 .text.bb_herror_msg_and_die
                0x000000000044a4c8       0x8c libbb/lib.a(herror_msg_and_die.o)
                0x000000000044a4c8                bb_herror_msg_and_die
 .text.INET6_rresolve
                0x000000000044a554      0x150 libbb/lib.a(inet_common.o)
                0x000000000044a554                INET6_rresolve
 .text.INET6_resolve
                0x000000000044a6a4       0xe4 libbb/lib.a(inet_common.o)
                0x000000000044a6a4                INET6_resolve
 .text.INET_rresolve
                0x000000000044a788      0x244 libbb/lib.a(inet_common.o)
                0x000000000044a788                INET_rresolve
 .text.INET_resolve
                0x000000000044a9cc       0xd0 libbb/lib.a(inet_common.o)
                0x000000000044a9cc                INET_resolve
 .text.new_line_input_t
                0x000000000044aa9c       0x44 libbb/lib.a(lineedit.o)
                0x000000000044aa9c                new_line_input_t
 .text.put_prompt
                0x000000000044aae0       0x80 libbb/lib.a(lineedit.o)
 .text.beep     0x000000000044ab60       0x70 libbb/lib.a(lineedit.o)
 .text.cmdedit_set_out_char
                0x000000000044abd0      0x1e8 libbb/lib.a(lineedit.o)
 .text.input_end
                0x000000000044adb8       0x74 libbb/lib.a(lineedit.o)
 .text.goto_new_line
                0x000000000044ae2c       0xc4 libbb/lib.a(lineedit.o)
 .text.match_compare
                0x000000000044aef0       0x24 libbb/lib.a(lineedit.o)
 .text.get_previous_history
                0x000000000044af14      0x100 libbb/lib.a(lineedit.o)
 .text.get_next_history
                0x000000000044b014       0xb8 libbb/lib.a(lineedit.o)
 .text.add_quote_for_spec_chars
                0x000000000044b0cc       0xdc libbb/lib.a(lineedit.o)
 .text.input_backward
                0x000000000044b1a8       0xe8 libbb/lib.a(lineedit.o)
 .text.input_delete
                0x000000000044b290       0xd8 libbb/lib.a(lineedit.o)
 .text.input_backspace
                0x000000000044b368       0x74 libbb/lib.a(lineedit.o)
 .text.redraw   0x000000000044b3dc      0x11c libbb/lib.a(lineedit.o)
 .text.input_tab
                0x000000000044b4f8     0x1338 libbb/lib.a(lineedit.o)
 .text.win_changed
                0x000000000044c830      0x100 libbb/lib.a(lineedit.o)
 .text.read_line_input
                0x000000000044c930      0x910 libbb/lib.a(lineedit.o)
                0x000000000044c930                read_line_input
 .text.del_loop
                0x000000000044d240       0x84 libbb/lib.a(loop.o)
                0x000000000044d240                del_loop
 .text.set_loop
                0x000000000044d2c4      0x368 libbb/lib.a(loop.o)
                0x000000000044d2c4                set_loop
 .text.match_fstype
                0x000000000044d62c      0x108 libbb/lib.a(match_fstype.o)
                0x000000000044d62c                match_fstype
 .text.fast_strtoul_10
                0x000000000044d734       0x48 libbb/lib.a(procps.o)
 .text.skip_fields
                0x000000000044d77c       0x28 libbb/lib.a(procps.o)
 .text.read_cmdline
                0x000000000044d7a4       0xf8 libbb/lib.a(procps.o)
                0x000000000044d7a4                read_cmdline
 .text.clear_cache
                0x000000000044d89c       0x4c libbb/lib.a(procps.o)
 .text.clear_username_cache
                0x000000000044d8e8       0x54 libbb/lib.a(procps.o)
                0x000000000044d8e8                clear_username_cache
 .text.read_to_buf
                0x000000000044d93c       0xa4 libbb/lib.a(procps.o)
 .text.free_procps_scan
                0x000000000044d9e0       0x64 libbb/lib.a(procps.o)
                0x000000000044d9e0                free_procps_scan
 .text.alloc_procps_scan
                0x000000000044da44       0x64 libbb/lib.a(procps.o)
                0x000000000044da44                alloc_procps_scan
 .text.procps_scan
                0x000000000044daa8      0x400 libbb/lib.a(procps.o)
                0x000000000044daa8                procps_scan
 .text.get_cached
                0x000000000044dea8       0xcc libbb/lib.a(procps.o)
 .text.get_cached_username
                0x000000000044df74       0x28 libbb/lib.a(procps.o)
                0x000000000044df74                get_cached_username
 .text.bb_simplify_path
                0x000000000044df9c      0x18c libbb/lib.a(simplify_path.o)
                0x000000000044df9c                bb_simplify_path
 .text.get_mono
                0x000000000044e128       0x5c libbb/lib.a(time.o)
 .text.monotonic_us
                0x000000000044e184       0x84 libbb/lib.a(time.o)
                0x000000000044e184                monotonic_us
 .text.trim     0x000000000044e208       0xcc libbb/lib.a(trim.o)
                0x000000000044e208                trim
 .text.get_signame
                0x000000000044e2d4       0x58 libbb/lib.a(u_signal_names.o)
                0x000000000044e2d4                get_signame
 .text.get_signum
                0x000000000044e32c       0xe8 libbb/lib.a(u_signal_names.o)
                0x000000000044e32c                get_signum
 .text.get_nport
                0x000000000044e414       0x28 libbb/lib.a(xconnect.o)
                0x000000000044e414                get_nport
 .text.set_nport
                0x000000000044e43c       0x2c libbb/lib.a(xconnect.o)
                0x000000000044e43c                set_nport
 .text.sockaddr2str
                0x000000000044e468      0x128 libbb/lib.a(xconnect.o)
 .text.xmalloc_sockaddr2dotted_noport
                0x000000000044e590       0x20 libbb/lib.a(xconnect.o)
                0x000000000044e590                xmalloc_sockaddr2dotted_noport
 .text.xmalloc_sockaddr2dotted
                0x000000000044e5b0       0x20 libbb/lib.a(xconnect.o)
                0x000000000044e5b0                xmalloc_sockaddr2dotted
 .text.xmalloc_sockaddr2host_noport
                0x000000000044e5d0       0x20 libbb/lib.a(xconnect.o)
                0x000000000044e5d0                xmalloc_sockaddr2host_noport
 .text.str2sockaddr
                0x000000000044e5f0      0x274 libbb/lib.a(xconnect.o)
 .text.xdotted2sockaddr
                0x000000000044e864       0x20 libbb/lib.a(xconnect.o)
                0x000000000044e864                xdotted2sockaddr
 .text.xhost2sockaddr
                0x000000000044e884       0x20 libbb/lib.a(xconnect.o)
                0x000000000044e884                xhost2sockaddr
 .text.xhost_and_af2sockaddr
                0x000000000044e8a4       0x20 libbb/lib.a(xconnect.o)
                0x000000000044e8a4                xhost_and_af2sockaddr
 .text.bb_lookup_port
                0x000000000044e8c4       0xc8 libbb/lib.a(xconnect.o)
                0x000000000044e8c4                bb_lookup_port
 .text.xconnect
                0x000000000044e98c       0xa0 libbb/lib.a(xconnect.o)
                0x000000000044e98c                xconnect
 .text.xconnect_stream
                0x000000000044ea2c       0x70 libbb/lib.a(xconnect.o)
                0x000000000044ea2c                xconnect_stream
 .text.setsockopt_broadcast
                0x000000000044ea9c       0x44 libbb/lib.a(xconnect.o)
                0x000000000044ea9c                setsockopt_broadcast
 .text          0x000000000044eae0       0x50 /opt/toolchains/buildroot-be-gcc434-2013-0107/usr/bin/../lib/gcc/mips-unknown-linux-uclibc/4.3.4/libgcc.a(_lshrdi3.o)
                0x000000000044eae0                __lshrdi3
 .text          0x000000000044eb30      0x540 /opt/toolchains/buildroot-be-gcc434-2013-0107/usr/bin/../lib/gcc/mips-unknown-linux-uclibc/4.3.4/libgcc.a(_udivdi3.o)
                0x000000000044eb30                __udivdi3
 .text          0x000000000044f070       0x70 /opt/toolchains/buildroot-be-gcc434-2013-0107/usr/bin/../lib/gcc/mips-unknown-linux-uclibc/4.3.4/libgcc.a(_sf_to_df.o)
                0x000000000044f070                __extendsfdf2
 .text          0x000000000044f0e0       0x60 /opt/toolchains/buildroot-be-gcc434-2013-0107/usr/bin/../lib/gcc/mips-unknown-linux-uclibc/4.3.4/libgcc.a(_make_df.o)
                0x000000000044f0e0                __make_dp
 .text          0x000000000044f140       0xd0 /opt/toolchains/buildroot-be-gcc434-2013-0107/usr/bin/../lib/gcc/mips-unknown-linux-uclibc/4.3.4/libgcc.a(_unpack_sf.o)
                0x000000000044f140                __unpack_f
 .text          0x000000000044f210      0x280 /opt/toolchains/buildroot-be-gcc434-2013-0107/usr/bin/../lib/gcc/mips-unknown-linux-uclibc/4.3.4/libgcc.a(_pack_df.o)
                0x000000000044f210                __pack_d
 .text          0x000000000044f490       0x50 /opt/toolchains/buildroot-be-gcc434-2013-0107/usr/bin/../lib/gcc/mips-unknown-linux-uclibc/4.3.4/libgcc.a(_ashldi3.o)
                0x000000000044f490                __ashldi3
 .text          0x000000000044f4e0       0x40 /opt/toolchains/buildroot-be-gcc434-2013-0107/usr/bin/../lib/gcc/mips-unknown-linux-uclibc/4.3.4/libgcc.a(_ucmpdi2.o)
                0x000000000044f4e0                __ucmpdi2
 .text          0x000000000044f520       0x60 /opt/toolchains/buildroot-be-gcc434-2013-0107/usr/bin/../lib/gcc/mips-unknown-linux-uclibc/4.3.4/crtend.o
 *(.gnu.warning)
 *(.mips16.fn.*)
 *(.mips16.call.*)

.MIPS.stubs     0x000000000044f580      0xe40
 .MIPS.stubs    0x000000000044f580      0xe40 /opt/buildroot-be-gcc434/usr/lib/crt1.o
                0x000000000044f580                getpriority
                0x000000000044f590                _setjmp
                0x000000000044f5a0                tcgetpgrp
                0x000000000044f5b0                vasprintf
                0x000000000044f5c0                fchdir
                0x000000000044f5d0                bind
                0x000000000044f5e0                sysconf
                0x000000000044f5f0                gethostbyname
                0x000000000044f600                strftime
                0x000000000044f610                mknod
                0x000000000044f620                __errno_location
                0x000000000044f630                inet_aton
                0x000000000044f640                open
                0x000000000044f650                setrlimit
                0x000000000044f660                getenv
                0x000000000044f670                regexec
                0x000000000044f680                execle
                0x000000000044f690                memcpy
                0x000000000044f6a0                ttyname
                0x000000000044f6b0                umount2
                0x000000000044f6c0                connect
                0x000000000044f6d0                sigfillset
                0x000000000044f6e0                uname
                0x000000000044f6f0                div
                0x000000000044f700                getpgrp
                0x000000000044f710                getrlimit
                0x000000000044f720                sleep
                0x000000000044f730                realloc
                0x000000000044f740                getprotobyname
                0x000000000044f750                syscall
                0x000000000044f760                send
                0x000000000044f770                vfprintf
                0x000000000044f780                endmntent
                0x000000000044f790                sysinfo
                0x000000000044f7a0                getegid
                0x000000000044f7b0                readlink
                0x000000000044f7c0                strspn
                0x000000000044f7d0                getsockname
                0x000000000044f7e0                strcat
                0x000000000044f7f0                feof
                0x000000000044f800                realpath
                0x000000000044f810                lchown
                0x000000000044f820                execve
                0x000000000044f830                chown
                0x000000000044f840                rmdir
                0x000000000044f850                openlog
                0x000000000044f860                putenv
                0x000000000044f870                getcwd
                0x000000000044f880                __cmsg_nxthdr
                0x000000000044f890                getnameinfo
                0x000000000044f8a0                setenv
                0x000000000044f8b0                strcasecmp
                0x000000000044f8c0                freeaddrinfo
                0x000000000044f8d0                strtoul
                0x000000000044f8e0                mkdir
                0x000000000044f8f0                malloc
                0x000000000044f900                klogctl
                0x000000000044f910                strrchr
                0x000000000044f920                strncmp
                0x000000000044f930                __uClibc_main
                0x000000000044f940                inet_pton
                0x000000000044f950                getmntent_r
                0x000000000044f960                ioctl
                0x000000000044f970                recv
                0x000000000044f980                strlen
                0x000000000044f990                ctime
                0x000000000044f9a0                opendir
                0x000000000044f9b0                setmntent
                0x000000000044f9c0                strtod
                0x000000000044f9d0                pause
                0x000000000044f9e0                sendto
                0x000000000044f9f0                strtol
                0x000000000044fa00                fcntl
                0x000000000044fa10                lseek
                0x000000000044fa20                cfgetospeed